 PhysXCooking_32

 Timestamp is 5d5dcd2c (Thu Aug 22 02:01:00 2019)

 Preferred load address is 10000000

 Start         Length     Name                   Class
 0001:00000000 00001320H .text$di                CODE
 0001:00001320 0003bd84H .text$mn                CODE
 0002:00000000 00000128H .idata$5                DATA
 0002:00000128 00000004H .00cfg                  DATA
 0002:0000012c 00000004H .CRT$XCA                DATA
 0002:00000130 000000f8H .CRT$XCU                DATA
 0002:00000228 00000004H .CRT$XCZ                DATA
 0002:0000022c 00000004H .CRT$XIA                DATA
 0002:00000230 00000004H .CRT$XIZ                DATA
 0002:00000234 00000004H .CRT$XPA                DATA
 0002:00000238 00000004H .CRT$XPZ                DATA
 0002:0000023c 00000004H .CRT$XTA                DATA
 0002:00000240 00000010H .CRT$XTZ                DATA
 0002:00000244 00000000H .gfids$y                DATA
 0002:00000250 00004374H .rdata                  DATA
 0002:000045c4 0000004cH .rdata$r                DATA
 0002:00004610 00000008H .rdata$sxdata           DATA
 0002:00004618 00000388H .rdata$zzzdbg           DATA
 0002:000049a0 00000004H .rtc$IAA                DATA
 0002:000049a4 00000050H .rtc$IMZ                DATA
 0002:000049f4 00000004H .rtc$IZZ                DATA
 0002:000049f8 00000004H .rtc$TAA                DATA
 0002:000049fc 00000050H .rtc$TMZ                DATA
 0002:00004a4c 00000004H .rtc$TZZ                DATA
 0002:00004a50 0000009cH .xdata$x                DATA
 0002:00004aec 00000040H .didat$2                DATA
 0002:00004b2c 00000020H .didat$3                DATA
 0002:00004b4c 00000110H .didat$4                DATA
 0002:00004c5c 00000cfcH .didat$6                DATA
 0002:00005958 00000118H .didat$7                DATA
 0002:00005a70 00001cb8H .edata                  DATA
 0002:00007728 0000003cH .idata$2                DATA
 0002:00007764 00000014H .idata$3                DATA
 0002:00007778 00000128H .idata$4                DATA
 0002:000078a0 00000514H .idata$6                DATA
 0003:00000000 00000038H .data                   DATA
 0003:00000038 00000254H .data$r                 DATA
 0003:0000028c 00000114H .didat$5                DATA
 0003:000003a0 00000920H .bss                    DATA
 0004:00000000 000000a0H .rsrc$01                DATA
 0004:000000a0 000004b0H .rsrc$02                DATA

  Address         Publics by Value              Rva+Base       Lib:Object

 0000:00000000       ___guard_longjmp_table     00000000     <absolute>
 0000:00000000       ___guard_longjmp_count     00000000     <absolute>
 0000:00000000       ___dynamic_value_reloc_table 00000000     <absolute>
 0000:00000000       ___AbsoluteZero            00000000     <absolute>
 0000:00000000       ___enclave_config          00000000     <absolute>
 0000:00000000       ___hybrid_code_map         00000000     <absolute>
 0000:00000000       ___guard_iat_table         00000000     <absolute>
 0000:00000000       ___guard_fids_count        00000000     <absolute>
 0000:00000000       ___guard_fids_table        00000000     <absolute>
 0000:00000000       ___hybrid_code_map_count   00000000     <absolute>
 0000:00000000       ___hybrid_auxiliary_iat    00000000     <absolute>
 0000:00000000       ___volatile_metadata       00000000     <absolute>
 0000:00000000       ___guard_iat_count         00000000     <absolute>
 0000:00000002       ___safe_se_handler_count   00000002     <absolute>
 0000:00000100       ___guard_flags             00000100     <absolute>
 0000:00000000       ___ImageBase               10000000     <linker-defined>
 0001:00001320       ?ComputeNbBoundaryEdges@AdjTriangle@physx@@QBEIXZ 10002320 f   Adjacencies.obj
 0001:000013b0       ?ComputeNbNeighbors@AdjTriangle@physx@@QBEIXZ 100023b0 f   Adjacencies.obj
 0001:00001440       ?HasNeighbor@AdjTriangle@physx@@QBE_NIPAI@Z 10002440 f   Adjacencies.obj
 0001:00001530       ?Flip@AdjTriangle@physx@@QAEXXZ 10002530 f   Adjacencies.obj
 0001:00001560       ??0Adjacencies@physx@@QAE@XZ 10002560 f   Adjacencies.obj
 0001:00001590       ??1Adjacencies@physx@@QAE@XZ 10002590 f   Adjacencies.obj
 0001:000015d0       ?Load@Adjacencies@physx@@QAE_NAAVPxInputStream@2@@Z 100025d0 f   Adjacencies.obj
 0001:000016d0       ?ComputeNbBoundaryEdges@Adjacencies@physx@@QBEIXZ 100026d0 f   Adjacencies.obj
 0001:00001730       ?GetBoundaryVertices@Adjacencies@physx@@QBE_NIPA_NPBU?$TriangleT@I@Gu@2@@Z 10002730 f   Adjacencies.obj
 0001:00001940       ?MakeLastRef@Adjacencies@physx@@QAE_NAAVAdjTriangle@2@IPAU?$TriangleT@I@Gu@2@@Z 10002940 f   Adjacencies.obj
 0001:00001bc0       ?AssignNewEdgeCode@Adjacencies@physx@@AAEXIE@Z 10002bc0 f   Adjacencies.obj
 0001:00001c40       ??0AdjacenciesBuilder@physx@@QAE@XZ 10002c40 f   Adjacencies.obj
 0001:00001c60       ??1AdjacenciesBuilder@physx@@QAE@XZ 10002c60 f   Adjacencies.obj
 0001:00001c80       ?Init@AdjacenciesBuilder@physx@@QAE_NABUADJACENCIESCREATE@2@@Z 10002c80 f   Adjacencies.obj
 0001:00002940       ??$?_UI@@YAPAXIV?$ReflectionAllocator@I@shdfnd@physx@@PBDH@Z 10003940 f i Adjacencies.obj
 0001:00002960       ??$?_UV?$ReflectionAllocator@VAdjEdge@@@shdfnd@physx@@@UserAllocated@shdfnd@physx@@SAPAXIV?$ReflectionAllocator@VAdjEdge@@@12@PBDH@Z 10003960 f i Adjacencies.obj
 0001:00002980       ??$?_UV?$ReflectionAllocator@VAdjTriangle@physx@@@shdfnd@physx@@@UserAllocated@shdfnd@physx@@SAPAXIV?$ReflectionAllocator@VAdjTriangle@physx@@@12@PBDH@Z 10003980 f i Adjacencies.obj
 0001:000029a0       ??$swap@I@shdfnd@physx@@YAXAAI0@Z 100039a0 f i Adjacencies.obj
 0001:000029d0       ??0?$ReflectionAllocator@I@shdfnd@physx@@QAE@PBD@Z 100039d0 f i Adjacencies.obj
 0001:000029e0       ??0?$ReflectionAllocator@VAdjEdge@@@shdfnd@physx@@QAE@PBD@Z 100039e0 f i Adjacencies.obj
 0001:000029f0       ??0?$ReflectionAllocator@VAdjTriangle@physx@@@shdfnd@physx@@QAE@PBD@Z 100039f0 f i Adjacencies.obj
 0001:00002a00       ??0?$TriangleT@I@Gu@physx@@QAE@XZ 10003a00 f i Adjacencies.obj
 0001:00002a10       ??0AdjEdge@@QAE@XZ         10003a10 f i Adjacencies.obj
 0001:00002a20       ??0AdjTriangle@physx@@QAE@XZ 10003a20 f i Adjacencies.obj
 0001:00002a30       ??0Allocator@shdfnd@physx@@QAE@PBD@Z 10003a30 f i Adjacencies.obj
 0001:00002a40       ??0EDGELISTCREATE@Gu@physx@@QAE@XZ 10003a40 f i Adjacencies.obj
 0001:00002aa0       ??0NonTrackingAllocator@shdfnd@physx@@QAE@PBD@Z 10003aa0 f i Adjacencies.obj
 0001:00002ab0       ??0PxFoundation@physx@@QAE@ABV01@@Z 10003ab0 f i Adjacencies.obj
 0001:00002ad0       ??0PxFoundation@physx@@QAE@XZ 10003ad0 f i Adjacencies.obj
 0001:00002af0       ??1AdjEdge@@QAE@XZ         10003af0 f i Adjacencies.obj
 0001:00002b00       ??1AdjTriangle@physx@@QAE@XZ 10003b00 f i Adjacencies.obj
 0001:00002b10       ??1PxFoundation@physx@@MAE@XZ 10003b10 f i Adjacencies.obj
 0001:00002b30       ??3UserAllocated@shdfnd@physx@@SAXPAX@Z 10003b30 f i Adjacencies.obj
 0001:00002b50       ??4Allocator@shdfnd@physx@@QAEAAV012@$$QAV012@@Z 10003b50 f i Adjacencies.obj
 0001:00002b60       ??4Allocator@shdfnd@physx@@QAEAAV012@ABV012@@Z 10003b60 f i Adjacencies.obj
 0001:00002b70       ??4MutexImpl@shdfnd@physx@@QAEAAV012@ABV012@@Z 10003b70 f i Adjacencies.obj
 0001:00002b80       ??4PxFoundation@physx@@QAEAAV01@ABV01@@Z 10003b80 f i Adjacencies.obj
 0001:00002b90       ??_EAdjEdge@@QAEPAXI@Z     10003b90 f i Adjacencies.obj
 0001:00002c40       ??_EAdjTriangle@physx@@QAEPAXI@Z 10003c40 f i Adjacencies.obj
 0001:00002cf0       ??_EPxFoundation@physx@@MAEPAXI@Z 10003cf0 f i Adjacencies.obj
 0001:00002d70       ??_FAllocator@shdfnd@physx@@QAEXXZ 10003d70 f i Adjacencies.obj
 0001:00002d90       ??_FNamedAllocator@shdfnd@physx@@QAEXXZ 10003d90 f i Adjacencies.obj
 0001:00002db0       ??_GPxFoundation@physx@@MAEPAXI@Z 10003db0 f i Adjacencies.obj
 0001:00002de0       ??_H@YGXPAXIIP6EPAX0@Z@Z   10003de0 f i Adjacencies.obj
 0001:00002e30       ??_I@YGXPAXIIP6EX0@Z@Z     10003e30 f i Adjacencies.obj
 0001:00002e90       ??_VUserAllocated@shdfnd@physx@@SAXPAX@Z 10003e90 f i Adjacencies.obj
 0001:00002eb0       ?GetNbHits@RadixSort@Cm@physx@@QBEIXZ 10003eb0 f i Adjacencies.obj
 0001:00002ed0       ?GetNbTotalCalls@RadixSort@Cm@physx@@QBEIXZ 10003ed0 f i Adjacencies.obj
 0001:00002ef0       ?GetRanks@RadixSort@Cm@physx@@QBEPBIXZ 10003ef0 f i Adjacencies.obj
 0001:00002f10       ?GetRecyclable@RadixSort@Cm@physx@@QBEPAIXZ 10003f10 f i Adjacencies.obj
 0001:00002f30       ?HasActiveEdge01@AdjTriangle@physx@@QBEHXZ 10003f30 f i Adjacencies.obj
 0001:00002f50       ?HasActiveEdge01@EdgeTriangleAC@Gu@physx@@SAHABUEdgeTriangleData@23@@Z 10003f50 f i Adjacencies.obj
 0001:00002f70       ?HasActiveEdge12@AdjTriangle@physx@@QBEHXZ 10003f70 f i Adjacencies.obj
 0001:00002f90       ?HasActiveEdge12@EdgeTriangleAC@Gu@physx@@SAHABUEdgeTriangleData@23@@Z 10003f90 f i Adjacencies.obj
 0001:00002fb0       ?HasActiveEdge20@AdjTriangle@physx@@QBEHXZ 10003fb0 f i Adjacencies.obj
 0001:00002fd0       ?HasActiveEdge20@EdgeTriangleAC@Gu@physx@@SAHABUEdgeTriangleData@23@@Z 10003fd0 f i Adjacencies.obj
 0001:00002ff0       ?PxMemZero@physx@@YAPAXPAXI@Z 10003ff0 f i Adjacencies.obj
 0001:00003010       ?__empty_global_delete@@YAXPAX@Z 10004010 f i Adjacencies.obj
 0001:00003020       ?__empty_global_delete@@YAXPAXI@Z 10004020 f i Adjacencies.obj
 0001:00003030       ?allocate@?$ReflectionAllocator@I@shdfnd@physx@@QAEPAXIPBDH@Z 10004030 f i Adjacencies.obj
 0001:00003080       ?allocate@?$ReflectionAllocator@VAdjEdge@@@shdfnd@physx@@QAEPAXIPBDH@Z 10004080 f i Adjacencies.obj
 0001:000030d0       ?allocate@?$ReflectionAllocator@VAdjTriangle@physx@@@shdfnd@physx@@QAEPAXIPBDH@Z 100040d0 f i Adjacencies.obj
 0001:00003120       ?deallocate@NonTrackingAllocator@shdfnd@physx@@QAEXPAX@Z 10004120 f i Adjacencies.obj
 0001:00003150       ?findEdge@?$TriangleT@I@Gu@physx@@QBEEII@Z 10004150 f i Adjacencies.obj
 0001:00003270       ?getAllocator@Foundation@shdfnd@physx@@QAEAAVPxAllocatorCallback@3@XZ 10004270 f i Adjacencies.obj
 0001:00003290       ?getAllocatorCallback@Foundation@shdfnd@physx@@UAEAAVPxAllocatorCallback@3@XZ 10004290 f i Adjacencies.obj
 0001:000032b0       ?getEdgeTriangle@EdgeList@Gu@physx@@QBEABUEdgeTriangleData@23@I@Z 100042b0 f i Adjacencies.obj
 0001:000032d0       ?getErrorCallback@Foundation@shdfnd@physx@@UAEAAVPxErrorCallback@3@XZ 100042d0 f i Adjacencies.obj
 0001:000032f0       ?getErrorLevel@Foundation@shdfnd@physx@@UBE?AW4Enum@PxErrorCode@3@XZ 100042f0 f i Adjacencies.obj
 0001:00003310       ?getFoundation@shdfnd@physx@@YAAAVFoundation@12@XZ 10004310 f i Adjacencies.obj
 0001:00003320       ?getInternalErrorCallback@Foundation@shdfnd@physx@@QAEAAVPxErrorCallback@3@XZ 10004320 f i Adjacencies.obj
 0001:00003340       ?getName@?$ReflectionAllocator@I@shdfnd@physx@@CAPBDXZ 10004340 f i Adjacencies.obj
 0001:00003380       ?getName@?$ReflectionAllocator@VAdjEdge@@@shdfnd@physx@@CAPBDXZ 10004380 f i Adjacencies.obj
 0001:000033c0       ?getName@?$ReflectionAllocator@VAdjTriangle@physx@@@shdfnd@physx@@CAPBDXZ 100043c0 f i Adjacencies.obj
 0001:00003400       ?getNamedAllocMap@Foundation@shdfnd@physx@@QAEAAV?$HashMap@PBVNamedAllocator@shdfnd@physx@@PBDU?$Hash@PBVNamedAllocator@shdfnd@physx@@@23@VNonTrackingAllocator@23@@23@XZ 10004400 f i Adjacencies.obj
 0001:00003420       ?getNamedAllocMutex@Foundation@shdfnd@physx@@QAEAAV?$MutexT@VAllocator@shdfnd@physx@@@23@XZ 10004420 f i Adjacencies.obj
 0001:00003440       ?getReportAllocationNames@Foundation@shdfnd@physx@@UBE_NXZ 10004440 f i Adjacencies.obj
 0001:00003460       ?getTempAllocFreeTable@Foundation@shdfnd@physx@@QAEAAV?$Array@PATTempAllocatorChunk@shdfnd@physx@@VAllocator@23@@23@XZ 10004460 f i Adjacencies.obj
 0001:00003480       ?getTempAllocMutex@Foundation@shdfnd@physx@@QAEAAV?$MutexT@VAllocator@shdfnd@physx@@@23@XZ 10004480 f i Adjacencies.obj
 0001:000034a0       ?invalidateRanks@RadixSort@Cm@physx@@QAEXXZ 100044a0 f i Adjacencies.obj
 0001:000034c0       ?memZero@intrinsics@physx@@YAPAXPAXI@Z 100044c0 f i Adjacencies.obj
 0001:000034e0       ?name@type_info@@QBEPBDXZ  100044e0 f i Adjacencies.obj
 0001:00003500       ?setErrorLevel@Foundation@shdfnd@physx@@UAEXW4Enum@PxErrorCode@3@@Z 10004500 f i Adjacencies.obj
 0001:00003520       ?setReportAllocationNames@Foundation@shdfnd@physx@@UAEX_N@Z 10004520 f i Adjacencies.obj
 0001:00003540       _PxCreateCooking           10004540 f   Cooking.obj
 0001:000035f0       ?release@Cooking@physx@@UAEXXZ 100045f0 f   Cooking.obj
 0001:00003630       ?setParams@Cooking@physx@@UAEXABUPxCookingParams@2@@Z 10004630 f   Cooking.obj
 0001:00003650       ?getParams@Cooking@physx@@UBEABUPxCookingParams@2@XZ 10004650 f   Cooking.obj
 0001:00003670       ?platformMismatch@Cooking@physx@@UBE_NXZ 10004670 f   Cooking.obj
 0001:000036b0       ?cookTriangleMesh@Cooking@physx@@UBE_NABVPxTriangleMeshDesc@2@AAVPxOutputStream@2@PAW4Enum@PxTriangleMeshCookingResult@2@@Z 100046b0 f   Cooking.obj
 0001:00003770       ?createTriangleMesh@Cooking@physx@@UBEPAVPxTriangleMesh@2@ABVPxTriangleMeshDesc@2@AAVPxPhysicsInsertionCallback@2@PAW4Enum@PxTriangleMeshCookingResult@2@@Z 10004770 f   Cooking.obj
 0001:00003830       ?validateTriangleMesh@Cooking@physx@@UBE_NABVPxTriangleMeshDesc@2@@Z 10004830 f   Cooking.obj
 0001:000038d0       ?cookConvexMesh@Cooking@physx@@UBE_NABVPxConvexMeshDesc@2@AAVPxOutputStream@2@PAW4Enum@PxConvexMeshCookingResult@2@@Z 100048d0 f   Cooking.obj
 0001:00003b00       ?createConvexMesh@Cooking@physx@@UBEPAVPxConvexMesh@2@ABVPxConvexMeshDesc@2@AAVPxPhysicsInsertionCallback@2@PAW4Enum@PxConvexMeshCookingResult@2@@Z 10004b00 f   Cooking.obj
 0001:00003de0       ?validateConvexMesh@Cooking@physx@@UBE_NABVPxConvexMeshDesc@2@@Z 10004de0 f   Cooking.obj
 0001:00003e30       ?computeHullPolygons@Cooking@physx@@UBE_NABVPxSimpleTriangleMesh@2@AAVPxAllocatorCallback@2@AAIAAPAVPxVec3@2@2AAPAI2AAPAUPxHullPolygon@2@@Z 10004e30 f   Cooking.obj
 0001:00003ff0       ?cookHeightField@Cooking@physx@@UBE_NABVPxHeightFieldDesc@2@AAVPxOutputStream@2@@Z 10004ff0 f   Cooking.obj
 0001:00004110       ?createHeightField@Cooking@physx@@UBEPAVPxHeightField@2@ABVPxHeightFieldDesc@2@AAVPxPhysicsInsertionCallback@2@@Z 10005110 f   Cooking.obj
 0001:000042f0       ?cookBVHStructure@Cooking@physx@@UBE_NABVPxBVHStructureDesc@2@AAVPxOutputStream@2@@Z 100052f0 f   Cooking.obj
 0001:000043b0       ?createBVHStructure@Cooking@physx@@UBEPAVPxBVHStructure@2@ABVPxBVHStructureDesc@2@AAVPxPhysicsInsertionCallback@2@@Z 100053b0 f   Cooking.obj
 0001:00004480       ?cookConvexMeshInternal@Cooking@physx@@ABE_NABVPxConvexMeshDesc@2@AAVConvexMeshBuilder@2@PAVConvexHullLib@2@PAW4Enum@PxConvexMeshCookingResult@2@@Z 10005480 f   Cooking.obj
 0001:000046b0       ?cookTriangleMesh@Cooking@physx@@ABE_NAAVTriangleMeshBuilder@2@ABVPxTriangleMeshDesc@2@AAVPxOutputStream@2@PAW4Enum@PxTriangleMeshCookingResult@2@@Z 100056b0 f   Cooking.obj
 0001:00004740       ?createTriangleMesh@Cooking@physx@@ABEPAVPxTriangleMesh@2@AAVTriangleMeshBuilder@2@ABVPxTriangleMeshDesc@2@AAVPxPhysicsInsertionCallback@2@PAW4Enum@PxTriangleMeshCookingResult@2@@Z 10005740 f   Cooking.obj
 0001:000048a0       ??$?2V?$ReflectionAllocator@VCooking@physx@@@shdfnd@physx@@@UserAllocated@shdfnd@physx@@SAPAXIV?$ReflectionAllocator@VCooking@physx@@@12@PBDH@Z 100058a0 f i Cooking.obj
 0001:000048c0       ??$?2V?$ReflectionAllocator@VQuickHullConvexHullLib@physx@@@shdfnd@physx@@@UserAllocated@shdfnd@physx@@SAPAXIV?$ReflectionAllocator@VQuickHullConvexHullLib@physx@@@12@PBDH@Z 100058c0 f i Cooking.obj
 0001:000048e0       ??$PX_UNUSED@VPxFoundation@physx@@@@YAXABVPxFoundation@physx@@@Z 100058e0 f i Cooking.obj
 0001:000048f0       ??$PX_UNUSED@W4PxIDENTITY@physx@@@@YAXABW4PxIDENTITY@physx@@@Z 100058f0 f i Cooking.obj
 0001:00004900       ??$PxMax@I@physx@@YAIII@Z  10005900 f i Cooking.obj
 0001:00004930       ??$PxMin@G@physx@@YAGGG@Z  10005930 f i Cooking.obj
 0001:00004960       ??0?$PxBitAndDataT@G$0IAAA@@physx@@QAE@W4PxEMPTY@1@@Z 10005960 f i Cooking.obj
 0001:00004970       ??0?$PxBitAndDataT@G$0IAAA@@physx@@QAE@XZ 10005970 f i Cooking.obj
 0001:00004990       ??0?$PxBitAndDataT@I$0IAAAAAAA@@physx@@QAE@I_N@Z 10005990 f i Cooking.obj
 0001:000049d0       ??0?$PxBitAndDataT@I$0IAAAAAAA@@physx@@QAE@W4PxEMPTY@1@@Z 100059d0 f i Cooking.obj
 0001:000049e0       ??0?$PxFlags@W4Enum@PxBaseFlag@physx@@G@physx@@QAE@ABV01@@Z 100059e0 f i Cooking.obj
 0001:00004a00       ??0?$PxFlags@W4Enum@PxConvexFlag@physx@@G@physx@@QAE@ABV01@@Z 10005a00 f i Cooking.obj
 0001:00004a20       ??0?$PxFlags@W4Enum@PxConvexFlag@physx@@G@physx@@QAE@W4Enum@PxConvexFlag@1@@Z 10005a20 f i Cooking.obj
 0001:00004a40       ??0?$PxFlags@W4Enum@PxConvexFlag@physx@@G@physx@@QAE@XZ 10005a40 f i Cooking.obj
 0001:00004a60       ??0?$PxFlags@W4Enum@PxHeightFieldFlag@physx@@G@physx@@QAE@ABV01@@Z 10005a60 f i Cooking.obj
 0001:00004a80       ??0?$PxFlags@W4Enum@PxHeightFieldFlag@physx@@G@physx@@QAE@W4PxEMPTY@1@@Z 10005a80 f i Cooking.obj
 0001:00004a90       ??0?$PxFlags@W4Enum@PxHeightFieldFlag@physx@@G@physx@@QAE@XZ 10005a90 f i Cooking.obj
 0001:00004ab0       ??0?$PxFlags@W4Enum@PxMeshFlag@physx@@G@physx@@QAE@ABV01@@Z 10005ab0 f i Cooking.obj
 0001:00004ad0       ??0?$PxFlags@W4Enum@PxMeshPreprocessingFlag@physx@@I@physx@@QAE@ABV01@@Z 10005ad0 f i Cooking.obj
 0001:00004af0       ??0?$ReflectionAllocator@VCooking@physx@@@shdfnd@physx@@QAE@PBD@Z 10005af0 f i Cooking.obj
 0001:00004b00       ??0?$ReflectionAllocator@VHeightField@Gu@physx@@@shdfnd@physx@@QAE@PBD@Z 10005b00 f i Cooking.obj
 0001:00004b10       ??0?$ReflectionAllocator@VQuickHullConvexHullLib@physx@@@shdfnd@physx@@QAE@PBD@Z 10005b10 f i Cooking.obj
 0001:00004b20       ??0CenterExtents@Gu@physx@@QAE@ABV012@@Z 10005b20 f i Cooking.obj
 0001:00004b50       ??0CenterExtents@Gu@physx@@QAE@XZ 10005b50 f i Cooking.obj
 0001:00004b80       ??0ConvexHullData@Gu@physx@@QAE@W4PxEMPTY@2@@Z 10005b80 f i Cooking.obj
 0001:00004bb0       ??0ConvexHullData@Gu@physx@@QAE@XZ 10005bb0 f i Cooking.obj
 0001:00004be0       ??0ConvexMesh@Gu@physx@@QAE@V?$PxFlags@W4Enum@PxBaseFlag@physx@@G@2@@Z 10005be0 f i Cooking.obj
 0001:00004c60       ??0Cooking@physx@@QAE@ABUPxCookingParams@1@@Z 10005c60 f i Cooking.obj
 0001:00004c90       ??0DebugText@Cm@physx@@QAE@$$QAU012@@Z 10005c90 f i Cooking.obj
 0001:00004ce0       ??0DebugText@Cm@physx@@QAE@ABU012@@Z 10005ce0 f i Cooking.obj
 0001:00004d30       ??0HeightFieldData@Gu@physx@@QAE@$$QAU012@@Z 10005d30 f i Cooking.obj
 0001:00004dc0       ??0HeightFieldData@Gu@physx@@QAE@ABU012@@Z 10005dc0 f i Cooking.obj
 0001:00004e50       ??0HeightFieldData@Gu@physx@@QAE@W4PxEMPTY@2@@Z 10005e50 f i Cooking.obj
 0001:00004e80       ??0HeightFieldData@Gu@physx@@QAE@XZ 10005e80 f i Cooking.obj
 0001:00004eb0       ??0PxBase@physx@@IAE@V?$PxFlags@W4Enum@PxBaseFlag@physx@@G@1@@Z 10005eb0 f i Cooking.obj
 0001:00004ee0       ??0PxConvexMesh@physx@@IAE@V?$PxFlags@W4Enum@PxBaseFlag@physx@@G@1@@Z 10005ee0 f i Cooking.obj
 0001:00004f10       ??0PxConvexMeshDesc@physx@@QAE@ABV01@@Z 10005f10 f i Cooking.obj
 0001:00004fa0       ??0PxCooking@physx@@QAE@XZ 10005fa0 f i Cooking.obj
 0001:00004fc0       ??0PxCookingParams@physx@@QAE@ABU01@@Z 10005fc0 f i Cooking.obj
 0001:00005070       ??0PxDebugLine@physx@@QAE@ABU01@@Z 10006070 f i Cooking.obj
 0001:000050c0       ??0PxMat33@physx@@QAE@XZ   100060c0 f i Cooking.obj
 0001:000050f0       ??0PxMat44@physx@@QAE@ABV01@@Z 100060f0 f i Cooking.obj
 0001:00005150       ??0PxMat44@physx@@QAE@W4PxIDENTITY@1@@Z 10006150 f i Cooking.obj
 0001:00005240       ??0PxVec3@physx@@QAE@ABV01@@Z 10006240 f i Cooking.obj
 0001:00005280       ??0PxVec3@physx@@QAE@M@Z   10006280 f i Cooking.obj
 0001:000052c0       ??0PxVec3@physx@@QAE@MMM@Z 100062c0 f i Cooking.obj
 0001:00005300       ??0PxVec3@physx@@QAE@XZ    10006300 f i Cooking.obj
 0001:00005310       ??0PxVec4@physx@@QAE@ABV01@@Z 10006310 f i Cooking.obj
 0001:00005350       ??0PxVec4@physx@@QAE@MMMM@Z 10006350 f i Cooking.obj
 0001:000053a0       ??0RefCountable@Cm@physx@@QAE@W4PxEMPTY@2@@Z 100063a0 f i Cooking.obj
 0001:00005400       ??0RenderOutput@Cm@physx@@QAE@AAVRenderBuffer@12@@Z 10006400 f i Cooking.obj
 0001:00005470       ??0RenderOutput@Cm@physx@@QAE@ABV012@@Z 10006470 f i Cooking.obj
 0001:000054f0       ??1CenterExtents@Gu@physx@@QAE@XZ 100064f0 f i Cooking.obj
 0001:00005500       ??1ConvexHullData@Gu@physx@@QAE@XZ 10006500 f i Cooking.obj
 0001:00005520       ??1Cooking@physx@@UAE@XZ   10006520 f i Cooking.obj
 0001:00005540       ??1HeightFieldData@Gu@physx@@QAE@XZ 10006540 f i Cooking.obj
 0001:00005560       ??1PxBase@physx@@MAE@XZ    10006560 f i Cooking.obj
 0001:00005580       ??1PxConvexMesh@physx@@MAE@XZ 10006580 f i Cooking.obj
 0001:000055a0       ??1PxCooking@physx@@MAE@XZ 100065a0 f i Cooking.obj
 0001:000055c0       ??1PxHeightField@physx@@MAE@XZ 100065c0 f i Cooking.obj
 0001:000055e0       ??1RefCountable@Cm@physx@@UAE@XZ 100065e0 f i Cooking.obj
 0001:00005600       ??2@YAPAXIPAX@Z            10006600 f i Cooking.obj
 0001:00005610       ??2UserAllocated@shdfnd@physx@@SAPAXIPAX@Z 10006610 f i Cooking.obj
 0001:00005620       ??4?$PxFlags@W4Enum@PxHeightFieldFlag@physx@@G@physx@@QAEAAV01@ABV01@@Z 10006620 f i Cooking.obj
 0001:00005640       ??4?$PxFlags@W4Enum@PxMeshPreprocessingFlag@physx@@I@physx@@QAEAAV01@ABV01@@Z 10006640 f i Cooking.obj
 0001:00005660       ??4CenterExtents@Gu@physx@@QAEAAV012@ABV012@@Z 10006660 f i Cooking.obj
 0001:00005690       ??4DebugText@Cm@physx@@QAEAAU012@$$QAU012@@Z 10006690 f i Cooking.obj
 0001:00005700       ??4DebugText@Cm@physx@@QAEAAU012@ABU012@@Z 10006700 f i Cooking.obj
 0001:00005770       ??4FPUGuard@shdfnd@physx@@QAEAAV012@ABV012@@Z 10006770 f i Cooking.obj
 0001:000057a0       ??4HeightFieldData@Gu@physx@@QAEAAU012@$$QAU012@@Z 100067a0 f i Cooking.obj
 0001:00005830       ??4HeightFieldData@Gu@physx@@QAEAAU012@ABU012@@Z 10006830 f i Cooking.obj
 0001:000058c0       ??4PxCookingParams@physx@@QAEAAU01@ABU01@@Z 100068c0 f i Cooking.obj
 0001:00005970       ??4PxMat33@physx@@QAEAAV01@ABV01@@Z 10006970 f i Cooking.obj
 0001:000059b0       ??4PxVec3@physx@@QAEAAV01@ABV01@@Z 100069b0 f i Cooking.obj
 0001:000059f0       ??9?$PxFlags@W4Enum@PxHeightFieldFlag@physx@@G@physx@@QBE_NABV01@@Z 100069f0 f i Cooking.obj
 0001:00005a30       ??B?$PxBitAndDataT@E$0IA@@physx@@QBEEXZ 10006a30 f i Cooking.obj
 0001:00005a50       ??B?$PxBitAndDataT@G$0IAAA@@physx@@QBEGXZ 10006a50 f i Cooking.obj
 0001:00005a70       ??B?$PxFlags@W4Enum@PxBaseFlag@physx@@G@physx@@QBE_NXZ 10006a70 f i Cooking.obj
 0001:00005aa0       ??B?$PxFlags@W4Enum@PxConvexFlag@physx@@G@physx@@QBE_NXZ 10006aa0 f i Cooking.obj
 0001:00005ad0       ??B?$PxFlags@W4Enum@PxMeshFlag@physx@@G@physx@@QBE_NXZ 10006ad0 f i Cooking.obj
 0001:00005b00       ??B?$PxFlags@W4Enum@PxMeshPreprocessingFlag@physx@@I@physx@@QBE_NXZ 10006b00 f i Cooking.obj
 0001:00005b30       ??I?$PxFlags@W4Enum@PxBaseFlag@physx@@G@physx@@QBE?AV01@W4Enum@PxBaseFlag@1@@Z 10006b30 f i Cooking.obj
 0001:00005b70       ??I?$PxFlags@W4Enum@PxConvexFlag@physx@@G@physx@@QBE?AV01@W4Enum@PxConvexFlag@1@@Z 10006b70 f i Cooking.obj
 0001:00005bb0       ??I?$PxFlags@W4Enum@PxHeightFieldFlag@physx@@G@physx@@QBE?AV01@W4Enum@PxHeightFieldFlag@1@@Z 10006bb0 f i Cooking.obj
 0001:00005bf0       ??I?$PxFlags@W4Enum@PxMeshFlag@physx@@G@physx@@QBE?AV01@W4Enum@PxMeshFlag@1@@Z 10006bf0 f i Cooking.obj
 0001:00005c30       ??I?$PxFlags@W4Enum@PxMeshPreprocessingFlag@physx@@I@physx@@QBE?AV01@W4Enum@PxMeshPreprocessingFlag@1@@Z 10006c30 f i Cooking.obj
 0001:00005c70       ??S?$PxFlags@W4Enum@PxConvexFlag@physx@@G@physx@@QBE?AV01@XZ 10006c70 f i Cooking.obj
 0001:00005cb0       ??Sphysx@@YA?AV?$PxFlags@W4Enum@PxConvexFlag@physx@@G@0@W4Enum@PxConvexFlag@0@@Z 10006cb0 f i Cooking.obj
 0001:00005ce0       ??_4?$PxFlags@W4Enum@PxConvexFlag@physx@@G@physx@@QAEAAV01@ABV01@@Z 10006ce0 f i Cooking.obj
 0001:00005d10       ??_EConvexMesh@Gu@physx@@UAEPAXI@Z 10006d10 f i Cooking.obj
 0001:00005dc3       ??_EConvexMesh@Gu@physx@@W7AEPAXI@Z 10006dc3 f i Cooking.obj
 0001:00005dd0       ??_EPxConvexMesh@physx@@MAEPAXI@Z 10006dd0 f i Cooking.obj
 0001:00005e50       ??_EPxHeightField@physx@@MAEPAXI@Z 10006e50 f i Cooking.obj
 0001:00005ed0       ??_ECooking@physx@@UAEPAXI@Z 10006ed0 f i Cooking.obj
 0001:00005ed0       ??_GCooking@physx@@UAEPAXI@Z 10006ed0 f i Cooking.obj
 0001:00005f20       ??_EPxBase@physx@@MAEPAXI@Z 10006f20 f i Cooking.obj
 0001:00005f20       ??_GPxBase@physx@@MAEPAXI@Z 10006f20 f i Cooking.obj
 0001:00005f50       ??_GPxCooking@physx@@MAEPAXI@Z 10006f50 f i Cooking.obj
 0001:00005f50       ??_EPxCooking@physx@@MAEPAXI@Z 10006f50 f i Cooking.obj
 0001:00005f80       ??_ERefCountable@Cm@physx@@UAEPAXI@Z 10006f80 f i Cooking.obj
 0001:00005f80       ??_GRefCountable@Cm@physx@@UAEPAXI@Z 10006f80 f i Cooking.obj
 0001:00005fb0       ?FLoad@aos@shdfnd@physx@@YA?AT__m128@@M@Z 10006fb0 f i Cooking.obj
 0001:00005ff0       ?PxMemCopy@physx@@YAPAXPAXPBXI@Z 10006ff0 f i Cooking.obj
 0001:00006010       ?V3Load@aos@shdfnd@physx@@YA?AT__m128@@M@Z 10007010 f i Cooking.obj
 0001:00006060       ?V4Load@aos@shdfnd@physx@@YA?AT__m128@@M@Z 10007060 f i Cooking.obj
 0001:000060a0       ?allocate@?$Array@UPxDebugLine@physx@@VNamedAllocator@shdfnd@2@@shdfnd@physx@@IAEPAUPxDebugLine@3@I@Z 100070a0 f i Cooking.obj
 0001:00006110       ?allocate@?$ReflectionAllocator@VCooking@physx@@@shdfnd@physx@@QAEPAXIPBDH@Z 10007110 f i Cooking.obj
 0001:00006160       ?allocate@?$ReflectionAllocator@VHeightField@Gu@physx@@@shdfnd@physx@@QAEPAXIPBDH@Z 10007160 f i Cooking.obj
 0001:000061b0       ?allocate@?$ReflectionAllocator@VQuickHullConvexHullLib@physx@@@shdfnd@physx@@QAEPAXIPBDH@Z 100071b0 f i Cooking.obj
 0001:00006200       ?capacity@?$Array@UPxDebugLine@physx@@VNamedAllocator@shdfnd@2@@shdfnd@physx@@QBEIXZ 10007200 f i Cooking.obj
 0001:00006220       ?copy@?$Array@UPxDebugLine@physx@@VNamedAllocator@shdfnd@2@@shdfnd@physx@@KAXPAUPxDebugLine@3@0PBU43@@Z 10007220 f i Cooking.obj
 0001:00006270       ?deallocate@?$Array@UPxDebugLine@physx@@VNamedAllocator@shdfnd@2@@shdfnd@physx@@IAEXPAX@Z 10007270 f i Cooking.obj
 0001:00006290       ?destroy@?$Array@UPxDebugLine@physx@@VNamedAllocator@shdfnd@2@@shdfnd@physx@@KAXPAUPxDebugLine@3@0@Z 10007290 f i Cooking.obj
 0001:000062b0       ?end@?$Array@UPxDebugLine@physx@@VNamedAllocator@shdfnd@2@@shdfnd@physx@@QAEPAUPxDebugLine@3@XZ 100072b0 f i Cooking.obj
 0001:000062d0       ?forceSize_Unsafe@?$Array@UPxDebugLine@physx@@VNamedAllocator@shdfnd@2@@shdfnd@physx@@QAEXI@Z 100072d0 f i Cooking.obj
 0001:00006330       ?fsel@intrinsics@physx@@YAMMMM@Z 10007330 f i Cooking.obj
 0001:00006360       ?gatherStrided@Cooking@physx@@SAXPBXPAXIII@Z 10007360 f i Cooking.obj
 0001:000063c0       ?getBigConvexData@ConvexMeshBuilder@physx@@QBEPAVBigConvexData@2@XZ 100073c0 f i Cooking.obj
 0001:000063e0       ?getConcreteTypeName@PxConvexMesh@physx@@UBEPBDXZ 100073e0 f i Cooking.obj
 0001:000063f0       ?getConcreteTypeName@PxHeightField@physx@@UBEPBDXZ 100073f0 f i Cooking.obj
 0001:00006400       ?getConvexEdgeThreshold@HeightField@Gu@physx@@UBEMXZ 10007400 f i Cooking.obj
 0001:00006420       ?getFlags@HeightField@Gu@physx@@UBE?AV?$PxFlags@W4Enum@PxHeightFieldFlag@physx@@G@3@XZ 10007420 f i Cooking.obj
 0001:00006440       ?getFormat@HeightField@Gu@physx@@UBE?AW4Enum@PxHeightFieldFormat@3@XZ 10007440 f i Cooking.obj
 0001:00006460       ?getHeight@HeightField@Gu@physx@@QBEMI@Z 10007460 f i Cooking.obj
 0001:00006490       ?getHeight@HeightField@Gu@physx@@UBEMMM@Z 10007490 f i Cooking.obj
 0001:000064c0       ?getHeightInternal2@HeightField@Gu@physx@@QBEMIMM@Z 100074c0 f i Cooking.obj
 0001:00006690       ?getHeightInternal@HeightField@Gu@physx@@QBEMMM@Z 10007690 f i Cooking.obj
 0001:000066f0       ?getHullVertices@ConvexHullData@Gu@physx@@QBEPBVPxVec3@3@XZ 100076f0 f i Cooking.obj
 0001:00006720       ?getIndexBuffer@ConvexMesh@Gu@physx@@UBEPBEXZ 10007720 f i Cooking.obj
 0001:00006740       ?getInertia@ConvexMeshBuilder@physx@@QBEABVPxMat33@2@XZ 10007740 f i Cooking.obj
 0001:00006760       ?getMass@ConvexMeshBuilder@physx@@QBEMXZ 10007760 f i Cooking.obj
 0001:00006780       ?getMaterialIndex0@HeightField@Gu@physx@@QBEGI@Z 10007780 f i Cooking.obj
 0001:000067b0       ?getMaterialIndex1@HeightField@Gu@physx@@QBEGI@Z 100077b0 f i Cooking.obj
 0001:000067e0       ?getMeshData@TriangleMeshBuilder@physx@@QAEAAVTriangleMeshData@Gu@2@XZ 100077e0 f i Cooking.obj
 0001:00006800       ?getName@?$ReflectionAllocator@VCooking@physx@@@shdfnd@physx@@CAPBDXZ 10007800 f i Cooking.obj
 0001:00006840       ?getName@?$ReflectionAllocator@VHeightField@Gu@physx@@@shdfnd@physx@@CAPBDXZ 10007840 f i Cooking.obj
 0001:00006880       ?getName@?$ReflectionAllocator@VQuickHullConvexHullLib@physx@@@shdfnd@physx@@CAPBDXZ 10007880 f i Cooking.obj
 0001:000068c0       ?getNbColumns@HeightField@Gu@physx@@UBEIXZ 100078c0 f i Cooking.obj
 0001:000068e0       ?getNbColumnsFast@HeightField@Gu@physx@@QBEIXZ 100078e0 f i Cooking.obj
 0001:00006900       ?getNbPolygons@ConvexMesh@Gu@physx@@UBEIXZ 10007900 f i Cooking.obj
 0001:00006920       ?getNbRows@HeightField@Gu@physx@@UBEIXZ 10007920 f i Cooking.obj
 0001:00006940       ?getNbVertices@ConvexMesh@Gu@physx@@UBEIXZ 10007940 f i Cooking.obj
 0001:00006960       ?getPaddedBounds@HeightFieldData@Gu@physx@@QBEABVCenterExtentsPadded@23@XZ 10007960 f i Cooking.obj
 0001:00006970       ?getSample@HeightField@Gu@physx@@QBEABUPxHeightFieldSample@3@I@Z 10007970 f i Cooking.obj
 0001:000069e0       ?getSample@HeightField@Gu@physx@@UBEABUPxHeightFieldSample@3@II@Z 100079e0 f i Cooking.obj
 0001:00006a10       ?getSampleStride@HeightField@Gu@physx@@UBEIXZ 10007a10 f i Cooking.obj
 0001:00006a20       ?getTimestamp@HeightField@Gu@physx@@UBEIXZ 10007a20 f i Cooking.obj
 0001:00006a40       ?getTriangleMaterial@HeightField@Gu@physx@@QBEGI@Z 10007a40 f i Cooking.obj
 0001:00006a90       ?getTriangleMaterialIndex@HeightField@Gu@physx@@UBEGI@Z 10007a90 f i Cooking.obj
 0001:00006ab0       ?getTriangleNormal@HeightField@Gu@physx@@UBE?AVPxVec3@3@I@Z 10007ab0 f i Cooking.obj
 0001:00006ad0       ?getTriangleNormalInternal@HeightField@Gu@physx@@QBE?AVPxVec3@3@I@Z 10007ad0 f i Cooking.obj
 0001:00006cc0       ?getTriangleVertexIndices@HeightField@Gu@physx@@QBEXIAAI00@Z 10007cc0 f i Cooking.obj
 0001:00006db0       ?getType@PxMidphaseDesc@physx@@QBE?AW4Enum@PxMeshMidPhase@2@XZ 10007db0 f i Cooking.obj
 0001:00006dd0       ?getVertexData8@ConvexHullData@Gu@physx@@QBEPBEXZ 10007dd0 f i Cooking.obj
 0001:00006e60       ?getVertices@ConvexMesh@Gu@physx@@UBEPBVPxVec3@3@XZ 10007e60 f i Cooking.obj
 0001:00006e80       ?grow@?$Array@UPxDebugLine@physx@@VNamedAllocator@shdfnd@2@@shdfnd@physx@@IAEXI@Z 10007e80 f i Cooking.obj
 0001:00006ee0       ?isBitSet@?$PxBitAndDataT@E$0IA@@physx@@QBEEXZ 10007ee0 f i Cooking.obj
 0001:00006f00       ?isBitSet@?$PxBitAndDataT@G$0IAAA@@physx@@QBEGXZ 10007f00 f i Cooking.obj
 0001:00006f20       ?isFirstTriangle@HeightField@Gu@physx@@QBE_NI@Z 10007f20 f i Cooking.obj
 0001:00006f50       ?isInUserMemory@?$Array@UPxDebugLine@physx@@VNamedAllocator@shdfnd@2@@shdfnd@physx@@QBEIXZ 10007f50 f i Cooking.obj
 0001:00006f70       ?isKindOf@PxBase@physx@@MBE_NPBD@Z 10007f70 f i Cooking.obj
 0001:00006fb0       ?isKindOf@PxConvexMesh@physx@@MBE_NPBD@Z 10007fb0 f i Cooking.obj
 0001:00007000       ?isKindOf@PxHeightField@physx@@MBE_NPBD@Z 10008000 f i Cooking.obj
 0001:00007050       ?isReleasable@PxBase@physx@@UBE_NXZ 10008050 f i Cooking.obj
 0001:00007080       ?isValid@PxBVHStructureDesc@physx@@QBE_NXZ 10008080 f i Cooking.obj
 0001:000070c0       ?isValid@PxConvexMeshDesc@physx@@QBE_NXZ 100080c0 f i Cooking.obj
 0001:00007260       ?isValid@PxHeightFieldDesc@physx@@QBE_NXZ 10008260 f i Cooking.obj
 0001:000072e0       ?isValid@PxSimpleTriangleMesh@physx@@QBE_NXZ 100082e0 f i Cooking.obj
 0001:00007390       ?isValid@PxTriangleMeshDesc@physx@@QBE_NXZ 10008390 f i Cooking.obj
 0001:000073f0       ?isValidVertex@HeightField@Gu@physx@@QBE_NI@Z 100083f0 f i Cooking.obj
 0001:00007430       ?isZerothVertexShared@HeightField@Gu@physx@@QBE_NI@Z 10008430 f i Cooking.obj
 0001:00007470       ?littleEndian@shdfnd@physx@@YADXZ 10008470 f i Cooking.obj
 0001:00007490       ?markSerializedMem@Cm@physx@@YAXPAXI@Z 10008490 f i Cooking.obj
 0001:000074c0       ?memCopy@intrinsics@physx@@YAPAXPAXPBXI@Z 100084c0 f i Cooking.obj
 0001:000074e0       ?onRefCountZero@RefCountable@Cm@physx@@UAEXXZ 100084e0 f i Cooking.obj
 0001:00007520       ?outputSegment@RenderOutput@Cm@physx@@QAEXABVPxVec3@3@0@Z 10008520 f i Cooking.obj
 0001:00007570       ?preExportDataReset@ConvexMesh@Gu@physx@@QAEXXZ 10008570 f i Cooking.obj
 0001:00007590       ?preExportDataReset@HeightField@Gu@physx@@QAEXXZ 10008590 f i Cooking.obj
 0001:000075b0       ?preExportDataReset@RefCountable@Cm@physx@@QAEXXZ 100085b0 f i Cooking.obj
 0001:000075d0       ?recreate@?$Array@UPxDebugLine@physx@@VNamedAllocator@shdfnd@2@@shdfnd@physx@@IAEXI@Z 100085d0 f i Cooking.obj
 0001:000076a0       ?requiresObjects@ConvexMesh@Gu@physx@@UAEXAAVPxProcessPxBaseCallback@3@@Z 100086a0 f i Cooking.obj
 0001:000076b0       ?reserve@?$Array@UPxDebugLine@physx@@VNamedAllocator@shdfnd@2@@shdfnd@physx@@QAEXI@Z 100086b0 f i Cooking.obj
 0001:000076e0       ?reserveSegments@RenderOutput@Cm@physx@@QAEPAUPxDebugLine@3@I@Z 100086e0 f i Cooking.obj
 0001:00007710       ?setBigConvexData@ConvexMesh@Gu@physx@@QAEXPAVBigConvexData@3@@Z 10008710 f i Cooking.obj
 0001:00007730       ?setBigConvexData@ConvexMeshBuilder@physx@@QAEXPAVBigConvexData@2@@Z 10008730 f i Cooking.obj
 0001:00007750       ?setBit@?$PxBitAndDataT@I$0IAAAAAAA@@physx@@QAEXXZ 10008750 f i Cooking.obj
 0001:00007770       ?setInertia@ConvexMesh@Gu@physx@@QAEXABVPxMat33@3@@Z 10008770 f i Cooking.obj
 0001:00007790       ?setMass@ConvexMesh@Gu@physx@@QAEXM@Z 10008790 f i Cooking.obj
 0001:000077b0       ?setNb@ConvexMesh@Gu@physx@@QAEXI@Z 100087b0 f i Cooking.obj
 0001:000077e0       ?size@?$Array@UPxDebugLine@physx@@VNamedAllocator@shdfnd@2@@shdfnd@physx@@QBEIXZ 100087e0 f i Cooking.obj
 0001:00007800       ?tessFlag@PxHeightFieldSample@physx@@QBEEXZ 10008800 f i Cooking.obj
 0001:00007840       ??0ReducedVertexCloud@physx@@QAE@PBVPxVec3@1@I@Z 10008840 f   CookingUtils.obj
 0001:00007880       ??1ReducedVertexCloud@physx@@QAE@XZ 10008880 f   CookingUtils.obj
 0001:000078a0       ?Clean@ReducedVertexCloud@physx@@QAEAAV12@XZ 100088a0 f   CookingUtils.obj
 0001:00007900       ?Reduce@ReducedVertexCloud@physx@@QAE_NPAUREDUCEDCLOUD@2@@Z 10008900 f   CookingUtils.obj
 0001:00007c20       ??$?_UM@@YAPAXIV?$ReflectionAllocator@M@shdfnd@physx@@PBDH@Z 10008c20 f i CookingUtils.obj
 0001:00007c40       ??0?$ReflectionAllocator@M@shdfnd@physx@@QAE@PBD@Z 10008c40 f i CookingUtils.obj
 0001:00007c50       ?allocate@?$ReflectionAllocator@M@shdfnd@physx@@QAEPAXIPBDH@Z 10008c50 f i CookingUtils.obj
 0001:00007ca0       ?getName@?$ReflectionAllocator@M@shdfnd@physx@@CAPBDXZ 10008ca0 f i CookingUtils.obj
 0001:00007ce0       ??0EdgeList@Gu@physx@@QAE@XZ 10008ce0 f   EdgeList.obj
 0001:00007d20       ??1EdgeList@Gu@physx@@QAE@XZ 10008d20 f   EdgeList.obj
 0001:00007dc0       ?load@EdgeList@Gu@physx@@QAE_NAAVPxInputStream@3@@Z 10008dc0 f   EdgeList.obj
 0001:00007f80       ??0EdgeListBuilder@Gu@physx@@QAE@XZ 10008f80 f   EdgeList.obj
 0001:00007fa0       ??1EdgeListBuilder@Gu@physx@@QAE@XZ 10008fa0 f   EdgeList.obj
 0001:00007fc0       ?init@EdgeListBuilder@Gu@physx@@QAE_NABUEDGELISTCREATE@23@@Z 10008fc0 f   EdgeList.obj
 0001:00008140       ?createFacesToEdges@EdgeListBuilder@Gu@physx@@AAE_NIPBIPBG@Z 10009140 f   EdgeList.obj
 0001:00008620       ?createEdgesToFaces@EdgeListBuilder@Gu@physx@@AAE_NIPBIPBG@Z 10009620 f   EdgeList.obj
 0001:00008a20       ?computeActiveEdges@EdgeListBuilder@Gu@physx@@AAE_NIPBIPBGPBVPxVec3@3@M@Z 10009a20 f   EdgeList.obj
 0001:00009cb0       ??$?_UUEdgeData@Gu@physx@@@@YAPAXIV?$ReflectionAllocator@UEdgeData@Gu@physx@@@shdfnd@physx@@PBDH@Z 1000acb0 f i EdgeList.obj
 0001:00009cd0       ??$?_UUEdgeTriangleData@Gu@physx@@@@YAPAXIV?$ReflectionAllocator@UEdgeTriangleData@Gu@physx@@@shdfnd@physx@@PBDH@Z 1000acd0 f i EdgeList.obj
 0001:00009cf0       ??0?$ReflectionAllocator@UEdgeData@Gu@physx@@@shdfnd@physx@@QAE@PBD@Z 1000acf0 f i EdgeList.obj
 0001:00009d00       ??0?$ReflectionAllocator@UEdgeTriangleData@Gu@physx@@@shdfnd@physx@@QAE@PBD@Z 1000ad00 f i EdgeList.obj
 0001:00009d10       ??0PxPlane@physx@@QAE@ABVPxVec3@1@00@Z 1000ad10 f i EdgeList.obj
 0001:00009d90       ??0PxTriangle@physx@@QAE@ABVPxVec3@1@00@Z 1000ad90 f i EdgeList.obj
 0001:00009df0       ??1PxTriangle@physx@@QAE@XZ 1000adf0 f i EdgeList.obj
 0001:00009e00       ??DPxVec3@physx@@QBE?AV01@M@Z 1000ae00 f i EdgeList.obj
 0001:00009e50       ??GPxVec3@physx@@QBE?AV01@ABV01@@Z 1000ae50 f i EdgeList.obj
 0001:00009eb0       ??_0PxVec3@physx@@QAEAAV01@M@Z 1000aeb0 f i EdgeList.obj
 0001:00009f10       ?PxAtan2@physx@@YAMMM@Z    1000af10 f i EdgeList.obj
 0001:00009f40       ?PxRecipSqrt@physx@@YAMM@Z 1000af40 f i EdgeList.obj
 0001:00009f60       ?PxSqrt@physx@@YAMM@Z      1000af60 f i EdgeList.obj
 0001:00009f80       ?allocate@?$ReflectionAllocator@UEdgeData@Gu@physx@@@shdfnd@physx@@QAEPAXIPBDH@Z 1000af80 f i EdgeList.obj
 0001:00009fd0       ?allocate@?$ReflectionAllocator@UEdgeTriangleData@Gu@physx@@@shdfnd@physx@@QAEPAXIPBDH@Z 1000afd0 f i EdgeList.obj
 0001:0000a020       ?angle@shdfnd@physx@@YAMABVPxVec3@2@0@Z 1000b020 f i EdgeList.obj
 0001:0000a080       ?cross@PxVec3@physx@@QBE?AV12@ABV12@@Z 1000b080 f i EdgeList.obj
 0001:0000a120       ?distance@PxPlane@physx@@QBEMABVPxVec3@2@@Z 1000b120 f i EdgeList.obj
 0001:0000a160       ?dot@PxVec3@physx@@QBEMABV12@@Z 1000b160 f i EdgeList.obj
 0001:0000a1b0       ?getEdgeToTriangles@EdgeList@Gu@physx@@QBEPBUEdgeDescData@23@XZ 1000b1b0 f i EdgeList.obj
 0001:0000a1d0       ?getEdges@EdgeList@Gu@physx@@QBEPBUEdgeData@23@XZ 1000b1d0 f i EdgeList.obj
 0001:0000a1f0       ?getFacesByEdges@EdgeList@Gu@physx@@QBEPBIXZ 1000b1f0 f i EdgeList.obj
 0001:0000a210       ?getName@?$ReflectionAllocator@UEdgeData@Gu@physx@@@shdfnd@physx@@CAPBDXZ 1000b210 f i EdgeList.obj
 0001:0000a250       ?getName@?$ReflectionAllocator@UEdgeTriangleData@Gu@physx@@@shdfnd@physx@@CAPBDXZ 1000b250 f i EdgeList.obj
 0001:0000a290       ?getNbEdges@EdgeList@Gu@physx@@QBEIXZ 1000b290 f i EdgeList.obj
 0001:0000a2a0       ?getNormalized@PxVec3@physx@@QBE?AV12@XZ 1000b2a0 f i EdgeList.obj
 0001:0000a330       ?magnitude@PxVec3@physx@@QBEMXZ 1000b330 f i EdgeList.obj
 0001:0000a350       ?magnitudeSquared@PxVec3@physx@@QBEMXZ 1000b350 f i EdgeList.obj
 0001:0000a3a0       ?normal@PxTriangle@physx@@QBEXAAVPxVec3@2@@Z 1000b3a0 f i EdgeList.obj
 0001:0000a410       ?normalize@PxVec3@physx@@QAEMXZ 1000b410 f i EdgeList.obj
 0001:0000a450       ?recipSqrt@intrinsics@physx@@YAMM@Z 1000b450 f i EdgeList.obj
 0001:0000a490       ?sqrt@intrinsics@physx@@YAMM@Z 1000b490 f i EdgeList.obj
 0001:0000a4b0       _atan2f                    1000b4b0 f i EdgeList.obj
 0001:0000a4e0       _fabsf                     1000b4e0 f i EdgeList.obj
 0001:0000a510       _sqrtf                     1000b510 f i EdgeList.obj
 0001:0000a540       ??0MeshCleaner@physx@@QAE@IPBVPxVec3@1@IPBIM@Z 1000b540 f   MeshCleaner.obj
 0001:0000ad70       ??1MeshCleaner@physx@@QAE@XZ 1000bd70 f   MeshCleaner.obj
 0001:0000afa0       ??9Indices@@QBE_NABU0@@Z   1000bfa0 f i MeshCleaner.obj
 0001:0000b020       ??9PxVec3@physx@@QBE_NABV01@@Z 1000c020 f i MeshCleaner.obj
 0001:0000b080       ?PxFloor@physx@@YAMM@Z     1000c080 f i MeshCleaner.obj
 0001:0000b0a0       ?nextPowerOfTwo@shdfnd@physx@@YAII@Z 1000c0a0 f i MeshCleaner.obj
 0001:0000b0f0       _floorf                    1000c0f0 f i MeshCleaner.obj
 0001:0000b120       ?createQuantizer@physx@@YAPAVQuantizer@1@XZ 1000c120 f   Quantizer.obj
 0001:0000b180       ?kmeans_cluster3d@@YAIPBVPxVec3@physx@@IIPAV12@PAIMM@Z 1000c180 f   Quantizer.obj
 0001:0000b1c0       ??$?2V?$ReflectionAllocator@VQuantizerImpl@@@shdfnd@physx@@@UserAllocated@shdfnd@physx@@SAPAXIV?$ReflectionAllocator@VQuantizerImpl@@@12@PBDH@Z 1000c1c0 f i Quantizer.obj
 0001:0000b1e0       ??$PX_UNUSED@W4PxZERO@physx@@@@YAXABW4PxZERO@physx@@@Z 1000c1e0 f i Quantizer.obj
 0001:0000b1f0       ??$PxMax@M@physx@@YAMMM@Z  1000c1f0 f i Quantizer.obj
 0001:0000b220       ??$PxMin@M@physx@@YAMMM@Z  1000c220 f i Quantizer.obj
 0001:0000b250       ??$kmeans_cluster@VPxVec3@physx@@M@@YAIPBVPxVec3@physx@@IIPAV01@PAIMM@Z 1000c250 f i Quantizer.obj
 0001:0000b710       ??0?$Array@VPxVec3@physx@@VNamedAllocator@shdfnd@2@@shdfnd@physx@@QAE@ABVNamedAllocator@12@@Z 1000c710 f i Quantizer.obj
 0001:0000b750       ??0?$ReflectionAllocator@VQuantizerImpl@@@shdfnd@physx@@QAE@PBD@Z 1000c750 f i Quantizer.obj
 0001:0000b760       ??0PxBounds3@physx@@QAE@XZ 1000c760 f i Quantizer.obj
 0001:0000b790       ??0PxVec3@physx@@QAE@W4PxZERO@1@@Z 1000c790 f i Quantizer.obj
 0001:0000b7d0       ??0Quantizer@physx@@QAE@XZ 1000c7d0 f i Quantizer.obj
 0001:0000b7f0       ??0QuantizerImpl@@QAE@XZ   1000c7f0 f i Quantizer.obj
 0001:0000b8d0       ??1?$Array@VPxVec3@physx@@VNamedAllocator@shdfnd@2@@shdfnd@physx@@QAE@XZ 1000c8d0 f i Quantizer.obj
 0001:0000b930       ??1Quantizer@physx@@MAE@XZ 1000c930 f i Quantizer.obj
 0001:0000b950       ??1QuantizerImpl@@EAE@XZ   1000c950 f i Quantizer.obj
 0001:0000b990       ??A?$Array@VPxVec3@physx@@VNamedAllocator@shdfnd@2@@shdfnd@physx@@QAEAAVPxVec3@2@I@Z 1000c990 f i Quantizer.obj
 0001:0000b9f0       ??APxVec3@physx@@QAEAAMI@Z 1000c9f0 f i Quantizer.obj
 0001:0000ba30       ??HPxVec3@physx@@QBE?AV01@ABV01@@Z 1000ca30 f i Quantizer.obj
 0001:0000ba90       ??XPxVec3@physx@@QAEAAV01@M@Z 1000ca90 f i Quantizer.obj
 0001:0000bae0       ??YPxVec3@physx@@QAEAAV01@ABV01@@Z 1000cae0 f i Quantizer.obj
 0001:0000bb40       ??_EQuantizer@physx@@MAEPAXI@Z 1000cb40 f i Quantizer.obj
 0001:0000bb40       ??_GQuantizer@physx@@MAEPAXI@Z 1000cb40 f i Quantizer.obj
 0001:0000bb70       ??_GQuantizerImpl@@EAEPAXI@Z 1000cb70 f i Quantizer.obj
 0001:0000bb70       ??_EQuantizerImpl@@EAEPAXI@Z 1000cb70 f i Quantizer.obj
 0001:0000bbc0       ?PxAbs@physx@@YAMM@Z       1000cbc0 f i Quantizer.obj
 0001:0000bbe0       ?PxIsFinite@physx@@YA_NM@Z 1000cbe0 f i Quantizer.obj
 0001:0000bc00       ?abs@intrinsics@physx@@YAMM@Z 1000cc00 f i Quantizer.obj
 0001:0000bc20       ?allocate@?$Array@VPxVec3@physx@@VNamedAllocator@shdfnd@2@@shdfnd@physx@@IAEPAVPxVec3@3@I@Z 1000cc20 f i Quantizer.obj
 0001:0000bc90       ?allocate@?$ReflectionAllocator@VQuantizerImpl@@@shdfnd@physx@@QAEPAXIPBDH@Z 1000cc90 f i Quantizer.obj
 0001:0000bce0       ?capacity@?$Array@VPxVec3@physx@@VNamedAllocator@shdfnd@2@@shdfnd@physx@@QBEIXZ 1000cce0 f i Quantizer.obj
 0001:0000bd00       ?capacityIncrement@?$Array@VPxVec3@physx@@VNamedAllocator@shdfnd@2@@shdfnd@physx@@IBEIXZ 1000cd00 f i Quantizer.obj
 0001:0000bd40       ?clear@?$Array@VPxVec3@physx@@VNamedAllocator@shdfnd@2@@shdfnd@physx@@QAEXXZ 1000cd40 f i Quantizer.obj
 0001:0000bd70       ?copy@?$Array@VPxVec3@physx@@VNamedAllocator@shdfnd@2@@shdfnd@physx@@KAXPAVPxVec3@3@0PBV43@@Z 1000cd70 f i Quantizer.obj
 0001:0000bdc0       ?deallocate@?$Array@VPxVec3@physx@@VNamedAllocator@shdfnd@2@@shdfnd@physx@@IAEXPAX@Z 1000cdc0 f i Quantizer.obj
 0001:0000bde0       ?destroy@?$Array@VPxVec3@physx@@VNamedAllocator@shdfnd@2@@shdfnd@physx@@KAXPAVPxVec3@3@0@Z 1000cde0 f i Quantizer.obj
 0001:0000be00       ?getCenter@PxBounds3@physx@@QBE?AVPxVec3@2@XZ 1000ce00 f i Quantizer.obj
 0001:0000be70       ?getDenormalizeCenter@QuantizerImpl@@UBEABVPxVec3@physx@@XZ 1000ce70 f i Quantizer.obj
 0001:0000be90       ?getDenormalizeScale@QuantizerImpl@@UBEABVPxVec3@physx@@XZ 1000ce90 f i Quantizer.obj
 0001:0000beb0       ?getDimensions@PxBounds3@physx@@QBE?AVPxVec3@2@XZ 1000ceb0 f i Quantizer.obj
 0001:0000bf00       ?getName@?$ReflectionAllocator@VQuantizerImpl@@@shdfnd@physx@@CAPBDXZ 1000cf00 f i Quantizer.obj
 0001:0000bf40       ?growAndPushBack@?$Array@VPxVec3@physx@@VNamedAllocator@shdfnd@2@@shdfnd@physx@@IAEAAVPxVec3@3@ABV43@@Z 1000cf40 f i Quantizer.obj
 0001:0000c060       ?include@PxBounds3@physx@@QAEXABVPxVec3@2@@Z 1000d060 f i Quantizer.obj
 0001:0000c0d0       ?isFinite@PxBounds3@physx@@QBE_NXZ 1000d0d0 f i Quantizer.obj
 0001:0000c120       ?isFinite@PxVec3@physx@@QBE_NXZ 1000d120 f i Quantizer.obj
 0001:0000c1a0       ?isFinite@intrinsics@physx@@YA_NM@Z 1000d1a0 f i Quantizer.obj
 0001:0000c1e0       ?isInUserMemory@?$Array@VPxVec3@physx@@VNamedAllocator@shdfnd@2@@shdfnd@physx@@QBEIXZ 1000d1e0 f i Quantizer.obj
 0001:0000c200       ?isValid@PxBounds3@physx@@QBE_NXZ 1000d200 f i Quantizer.obj
 0001:0000c2f0       ?kmeansQuantize3D@QuantizerImpl@@UAEPBVPxVec3@physx@@IPBV23@I_NIAAI@Z 1000d2f0 f i Quantizer.obj
 0001:0000c4e0       ?maximum@PxVec3@physx@@QBE?AV12@ABV12@@Z 1000d4e0 f i Quantizer.obj
 0001:0000c570       ?minimum@PxVec3@physx@@QBE?AV12@ABV12@@Z 1000d570 f i Quantizer.obj
 0001:0000c600       ?multiply@PxVec3@physx@@QBE?AV12@ABV12@@Z 1000d600 f i Quantizer.obj
 0001:0000c660       ?normalizeInput@QuantizerImpl@@AAEXIPBVPxVec3@physx@@I@Z 1000d660 f i Quantizer.obj
 0001:0000c850       ?pushBack@?$Array@VPxVec3@physx@@VNamedAllocator@shdfnd@2@@shdfnd@physx@@QAEAAVPxVec3@3@ABV43@@Z 1000d850 f i Quantizer.obj
 0001:0000c8d0       ?release@QuantizerImpl@@UAEXXZ 1000d8d0 f i Quantizer.obj
 0001:0000c910       ?selectMax@intrinsics@physx@@YAMMM@Z 1000d910 f i Quantizer.obj
 0001:0000c940       ?selectMin@intrinsics@physx@@YAMMM@Z 1000d940 f i Quantizer.obj
 0001:0000c970       ?setEmpty@PxBounds3@physx@@QAEXXZ 1000d970 f i Quantizer.obj
 0001:0000c9d0       ??0BVHStructureBuilder@physx@@QAE@XZ 1000d9d0 f   BVHStructureBuilder.obj
 0001:0000ca10       ??1BVHStructureBuilder@physx@@QAE@XZ 1000da10 f   BVHStructureBuilder.obj
 0001:0000ca90       ?loadFromDesc@BVHStructureBuilder@physx@@QAE_NABVPxBVHStructureDesc@2@@Z 1000da90 f   BVHStructureBuilder.obj
 0001:0000ccc0       ?save@BVHStructureBuilder@physx@@QBE_NAAVPxOutputStream@2@_N@Z 1000dcc0 f   BVHStructureBuilder.obj
 0001:0000ce50       ?moveData@BVHStructureBuilder@physx@@QAEXAAUBVHStructureData@Gu@2@@Z 1000de50 f   BVHStructureBuilder.obj
 0001:0000ced0       ?flatten@@YAXABVNodeAllocator@Gu@physx@@PAUBVHNode@23@@Z 1000ded0 f   BVHStructureBuilder.obj
 0001:0000d120       ??$?4VNamedAllocator@shdfnd@physx@@@?$Array@USlab@NodeAllocator@Gu@physx@@VNamedAllocator@shdfnd@4@@shdfnd@physx@@QAEAAV012@ABV012@@Z 1000e120 f i BVHStructureBuilder.obj
 0001:0000d190       ??$PX_UNUSED@_N@@YAXAB_N@Z 1000e190 f i BVHStructureBuilder.obj
 0001:0000d1a0       ??$copy@VNamedAllocator@shdfnd@physx@@@?$Array@USlab@NodeAllocator@Gu@physx@@VNamedAllocator@shdfnd@4@@shdfnd@physx@@IAEXABV012@@Z 1000e1a0 f i BVHStructureBuilder.obj
 0001:0000d230       ??0?$Array@USlab@NodeAllocator@Gu@physx@@VNamedAllocator@shdfnd@4@@shdfnd@physx@@QAE@ABV012@ABVNamedAllocator@12@@Z 1000e230 f i BVHStructureBuilder.obj
 0001:0000d260       ??0AABBTreeBuildNode@Gu@physx@@QAE@ABV012@@Z 1000e260 f i BVHStructureBuilder.obj
 0001:0000d2a0       ??0AABBTreeBuildNode@Gu@physx@@QAE@XZ 1000e2a0 f i BVHStructureBuilder.obj
 0001:0000d2c0       ??0AABBTreeBuildParams@Gu@physx@@QAE@IIPBVPxBounds3@2@@Z 1000e2c0 f i BVHStructureBuilder.obj
 0001:0000d300       ??0BuildStats@Gu@physx@@QAE@XZ 1000e300 f i BVHStructureBuilder.obj
 0001:0000d330       ??0NodeAllocator@Gu@physx@@QAE@ABV012@@Z 1000e330 f i BVHStructureBuilder.obj
 0001:0000d390       ??0PxBounds3@physx@@QAE@ABV01@@Z 1000e390 f i BVHStructureBuilder.obj
 0001:0000d3c0       ??0PxVec4@physx@@QAE@XZ    1000e3c0 f i BVHStructureBuilder.obj
 0001:0000d3d0       ??1AABBTreeBuildNode@Gu@physx@@QAE@XZ 1000e3d0 f i BVHStructureBuilder.obj
 0001:0000d3e0       ??1AABBTreeBuildParams@Gu@physx@@QAE@XZ 1000e3e0 f i BVHStructureBuilder.obj
 0001:0000d400       ??4?$Array@USlab@NodeAllocator@Gu@physx@@VNamedAllocator@shdfnd@4@@shdfnd@physx@@QAEAAV012@ABV012@@Z 1000e400 f i BVHStructureBuilder.obj
 0001:0000d420       ??4AABBTreeBuildNode@Gu@physx@@QAEAAV012@ABV012@@Z 1000e420 f i BVHStructureBuilder.obj
 0001:0000d460       ??4AABBTreeBuildParams@Gu@physx@@QAEAAV012@ABV012@@Z 1000e460 f i BVHStructureBuilder.obj
 0001:0000d490       ??4BuildStats@Gu@physx@@QAEAAU012@$$QAU012@@Z 1000e490 f i BVHStructureBuilder.obj
 0001:0000d4c0       ??4BuildStats@Gu@physx@@QAEAAU012@ABU012@@Z 1000e4c0 f i BVHStructureBuilder.obj
 0001:0000d4e0       ??4NodeAllocator@Gu@physx@@QAEAAV012@ABV012@@Z 1000e4e0 f i BVHStructureBuilder.obj
 0001:0000d530       ??4PxBounds3@physx@@QAEAAV01@ABV01@@Z 1000e530 f i BVHStructureBuilder.obj
 0001:0000d560       ??A?$Array@USlab@NodeAllocator@Gu@physx@@VNamedAllocator@shdfnd@4@@shdfnd@physx@@QBEABUSlab@NodeAllocator@Gu@2@I@Z 1000e560 f i BVHStructureBuilder.obj
 0001:0000d5c0       ??_FAABBTreeBuildParams@Gu@physx@@QAEXXZ 1000e5c0 f i BVHStructureBuilder.obj
 0001:0000d5e0       ?V4Add@aos@shdfnd@physx@@YA?AT__m128@@T4@0@Z 1000e5e0 f i BVHStructureBuilder.obj
 0001:0000d620       ?V4LoadU@aos@shdfnd@physx@@YA?AT__m128@@QBM@Z 1000e620 f i BVHStructureBuilder.obj
 0001:0000d650       ?V4Scale@aos@shdfnd@physx@@YA?AT__m128@@T4@0@Z 1000e650 f i BVHStructureBuilder.obj
 0001:0000d690       ?V4StoreA@aos@shdfnd@physx@@YAXT__m128@@PAM@Z 1000e690 f i BVHStructureBuilder.obj
 0001:0000d710       ?V4StoreU@aos@shdfnd@physx@@YAXT__m128@@PAM@Z 1000e710 f i BVHStructureBuilder.obj
 0001:0000d740       ?V4Sub@aos@shdfnd@physx@@YA?AT__m128@@T4@0@Z 1000e740 f i BVHStructureBuilder.obj
 0001:0000d780       ?__global_array_delete@@YAXPAX@Z 1000e780 f i BVHStructureBuilder.obj
 0001:0000d7a0       ?__global_array_delete@@YAXPAXI@Z 1000e7a0 f i BVHStructureBuilder.obj
 0001:0000d7c0       ?__global_delete@@YAXPAX@Z 1000e7c0 f i BVHStructureBuilder.obj
 0001:0000d7e0       ?__global_delete@@YAXPAXI@Z 1000e7e0 f i BVHStructureBuilder.obj
 0001:0000d800       ?allocate@?$Array@USlab@NodeAllocator@Gu@physx@@VNamedAllocator@shdfnd@4@@shdfnd@physx@@IAEPAUSlab@NodeAllocator@Gu@3@I@Z 1000e800 f i BVHStructureBuilder.obj
 0001:0000d870       ?begin@?$Array@USlab@NodeAllocator@Gu@physx@@VNamedAllocator@shdfnd@4@@shdfnd@physx@@QBEPBUSlab@NodeAllocator@Gu@3@XZ 1000e870 f i BVHStructureBuilder.obj
 0001:0000d880       ?capacity@?$Array@USlab@NodeAllocator@Gu@physx@@VNamedAllocator@shdfnd@4@@shdfnd@physx@@QBEIXZ 1000e880 f i BVHStructureBuilder.obj
 0001:0000d8a0       ?clear@?$Array@USlab@NodeAllocator@Gu@physx@@VNamedAllocator@shdfnd@4@@shdfnd@physx@@QAEXXZ 1000e8a0 f i BVHStructureBuilder.obj
 0001:0000d8d0       ?copy@?$Array@USlab@NodeAllocator@Gu@physx@@VNamedAllocator@shdfnd@4@@shdfnd@physx@@KAXPAUSlab@NodeAllocator@Gu@3@0PBU4563@@Z 1000e8d0 f i BVHStructureBuilder.obj
 0001:0000d930       ?deallocate@?$Array@USlab@NodeAllocator@Gu@physx@@VNamedAllocator@shdfnd@4@@shdfnd@physx@@IAEXPAX@Z 1000e930 f i BVHStructureBuilder.obj
 0001:0000d950       ?destroy@?$Array@USlab@NodeAllocator@Gu@physx@@VNamedAllocator@shdfnd@4@@shdfnd@physx@@KAXPAUSlab@NodeAllocator@Gu@3@0@Z 1000e950 f i BVHStructureBuilder.obj
 0001:0000d970       ?empty@?$Array@USlab@NodeAllocator@Gu@physx@@VNamedAllocator@shdfnd@4@@shdfnd@physx@@QBE_NXZ 1000e970 f i BVHStructureBuilder.obj
 0001:0000d9a0       ?getAABB@AABBTreeBuildNode@Gu@physx@@QBEABVPxBounds3@3@XZ 1000e9a0 f i BVHStructureBuilder.obj
 0001:0000d9b0       ?getCount@BuildStats@Gu@physx@@QBEIXZ 1000e9b0 f i BVHStructureBuilder.obj
 0001:0000d9c0       ?getNbPrimitives@AABBTreeBuildNode@Gu@physx@@QBEIXZ 1000e9c0 f i BVHStructureBuilder.obj
 0001:0000d9e0       ?getNbRuntimePrimitives@AABBTreeBuildNode@Gu@physx@@QBEIXZ 1000e9e0 f i BVHStructureBuilder.obj
 0001:0000da00       ?getNeg@AABBTreeBuildNode@Gu@physx@@QBEPBV123@XZ 1000ea00 f i BVHStructureBuilder.obj
 0001:0000da40       ?getPos@AABBTreeBuildNode@Gu@physx@@QBEPBV123@XZ 1000ea40 f i BVHStructureBuilder.obj
 0001:0000da60       ?getPrimitives@AABBTreeBuildNode@Gu@physx@@QAEPAIPAI@Z 1000ea60 f i BVHStructureBuilder.obj
 0001:0000da80       ?getPrimitives@AABBTreeBuildNode@Gu@physx@@QBEPBIPBI@Z 1000ea80 f i BVHStructureBuilder.obj
 0001:0000daa0       ?grow@?$Array@USlab@NodeAllocator@Gu@physx@@VNamedAllocator@shdfnd@4@@shdfnd@physx@@IAEXI@Z 1000eaa0 f i BVHStructureBuilder.obj
 0001:0000db00       ?increaseCount@BuildStats@Gu@physx@@QAEXI@Z 1000eb00 f i BVHStructureBuilder.obj
 0001:0000db20       ?inflateBounds@@YAXAAVPxBounds3@physx@@ABV12@@Z 1000eb20 f i BVHStructureBuilder.obj
 0001:0000dc50       ?isAligned16@aos@shdfnd@physx@@YA_NPAX@Z 1000ec50 f i BVHStructureBuilder.obj
 0001:0000dc80       ?isInUserMemory@?$Array@USlab@NodeAllocator@Gu@physx@@VNamedAllocator@shdfnd@4@@shdfnd@physx@@QBEIXZ 1000ec80 f i BVHStructureBuilder.obj
 0001:0000dca0       ?isLeaf@AABBTreeBuildNode@Gu@physx@@QBE_NXZ 1000eca0 f i BVHStructureBuilder.obj
 0001:0000dcd0       ?recreate@?$Array@USlab@NodeAllocator@Gu@physx@@VNamedAllocator@shdfnd@4@@shdfnd@physx@@IAEXI@Z 1000ecd0 f i BVHStructureBuilder.obj
 0001:0000dda0       ?reserve@?$Array@USlab@NodeAllocator@Gu@physx@@VNamedAllocator@shdfnd@4@@shdfnd@physx@@QAEXI@Z 1000eda0 f i BVHStructureBuilder.obj
 0001:0000ddd0       ?reset@AABBTreeBuildParams@Gu@physx@@QAEXXZ 1000edd0 f i BVHStructureBuilder.obj
 0001:0000de20       ?reset@BuildStats@Gu@physx@@QAEXXZ 1000ee20 f i BVHStructureBuilder.obj
 0001:0000de40       ?setCount@BuildStats@Gu@physx@@QAEXI@Z 1000ee40 f i BVHStructureBuilder.obj
 0001:0000de60       ?setNbRunTimePrimitives@AABBTreeBuildNode@Gu@physx@@QAEXI@Z 1000ee60 f i BVHStructureBuilder.obj
 0001:0000de80       ?size@?$Array@USlab@NodeAllocator@Gu@physx@@VNamedAllocator@shdfnd@4@@shdfnd@physx@@QBEIXZ 1000ee80 f i BVHStructureBuilder.obj
 0001:0000dea0       ?saveHeightField@physx@@YA_NABVHeightField@Gu@1@AAVPxOutputStream@1@_N@Z 1000eea0 f   HeightFieldCooking.obj
 0001:0000e180       ??APxVec3@physx@@QBEABMI@Z 1000f180 f i HeightFieldCooking.obj
 0001:0000e1c0       ??B?$PxFlags@W4Enum@PxHeightFieldFlag@physx@@G@physx@@QBEGXZ 1000f1c0 f i HeightFieldCooking.obj
 0001:0000e1e0       ?getData@HeightField@Gu@physx@@QBEABUHeightFieldData@23@XZ 1000f1e0 f i HeightFieldCooking.obj
 0001:0000e200       ?getMax@CenterExtents@Gu@physx@@QBEMI@Z 1000f200 f i HeightFieldCooking.obj
 0001:0000e240       ?getMin@CenterExtents@Gu@physx@@QBEMI@Z 1000f240 f i HeightFieldCooking.obj
 0001:0000e280       ?buildFromTriangles@RTreeCooker@physx@@SAXAAURTree@Gu@2@PBVPxVec3@2@IPBGPBIIAAV?$Array@IVNamedAllocator@shdfnd@physx@@@shdfnd@2@PAURemapCallback@12@MW4Enum@PxMeshCookingHint@2@@Z 1000f280 f   RTreeCooking.obj
 0001:0000f200       ??$PX_UNUSED@I@@YAXABI@Z   10010200 f i RTreeCooking.obj
 0001:0000f210       ??$PX_UNUSED@M@@YAXABM@Z   10010210 f i RTreeCooking.obj
 0001:0000f220       ??$PX_UNUSED@PAURTreeNodeNQ@physx@@@@YAXABQAURTreeNodeNQ@physx@@@Z 10010220 f i RTreeCooking.obj
 0001:0000f230       ??$PX_UNUSED@URTreeNodeNQ@physx@@@@YAXABURTreeNodeNQ@physx@@@Z 10010230 f i RTreeCooking.obj
 0001:0000f240       ??$PxMax@H@physx@@YAHHH@Z  10010240 f i RTreeCooking.obj
 0001:0000f270       ??$PxMin@I@physx@@YAIII@Z  10010270 f i RTreeCooking.obj
 0001:0000f2a0       ??$median3@I$$CBU?$Less@I@shdfnd@physx@@@internal@shdfnd@physx@@YAXPAIHHABU?$Less@I@12@@Z 100102a0 f i RTreeCooking.obj
 0001:0000f390       ??$median3@I$$CBUSortBoundsPredicate@physx@@@internal@shdfnd@physx@@YAXPAIHHABUSortBoundsPredicate@2@@Z 10010390 f i RTreeCooking.obj
 0001:0000f480       ??$partition@I$$CBU?$Less@I@shdfnd@physx@@@internal@shdfnd@physx@@YAHPAIHHABU?$Less@I@12@@Z 10010480 f i RTreeCooking.obj
 0001:0000f5e0       ??$partition@I$$CBUSortBoundsPredicate@physx@@@internal@shdfnd@physx@@YAHPAIHHABUSortBoundsPredicate@2@@Z 100105e0 f i RTreeCooking.obj
 0001:0000f740       ??$partition@UBoundsLTE@physx@@@quickSelect@physx@@YAIPIAIIIIABUBoundsLTE@1@@Z 10010740 f i RTreeCooking.obj
 0001:0000f950       ??$quickSelectFirstK@UBoundsLTE@physx@@@quickSelect@physx@@YAXPIAIIIIABUBoundsLTE@1@@Z 10010950 f i RTreeCooking.obj
 0001:0000fa40       ??$smallSort@I$$CBU?$Less@I@shdfnd@physx@@@internal@shdfnd@physx@@YAXPAIHHABU?$Less@I@12@@Z 10010a40 f i RTreeCooking.obj
 0001:0000fae0       ??$smallSort@I$$CBUSortBoundsPredicate@physx@@@internal@shdfnd@physx@@YAXPAIHHABUSortBoundsPredicate@2@@Z 10010ae0 f i RTreeCooking.obj
 0001:0000fb80       ??$sort@I@shdfnd@physx@@YAXPAII@Z 10010b80 f i RTreeCooking.obj
 0001:0000fbc0       ??$sort@IU?$Less@I@shdfnd@physx@@VNamedAllocator@23@@shdfnd@physx@@YAXPAIIABU?$Less@I@01@ABVNamedAllocator@01@I@Z 10010bc0 f i RTreeCooking.obj
 0001:0000fdf0       ??$sort@IUSortBoundsPredicate@physx@@@shdfnd@physx@@YAXPAIIABUSortBoundsPredicate@1@@Z 10010df0 f i RTreeCooking.obj
 0001:0000fe30       ??$sort@IUSortBoundsPredicate@physx@@VNamedAllocator@shdfnd@2@@shdfnd@physx@@YAXPAIIABUSortBoundsPredicate@1@ABVNamedAllocator@01@I@Z 10010e30 f i RTreeCooking.obj
 0001:00010060       ??0?$AlignedAllocator@$0IA@VNonTrackingAllocator@shdfnd@physx@@@shdfnd@physx@@QAE@ABVNonTrackingAllocator@12@@Z 10011060 f i RTreeCooking.obj
 0001:00010070       ??0?$Array@IVNamedAllocator@shdfnd@physx@@@shdfnd@physx@@QAE@IABIABVNamedAllocator@12@@Z 10011070 f i RTreeCooking.obj
 0001:000100c0       ??0?$Array@UInterval@physx@@V?$InlineAllocator@$0CAAA@VNamedAllocator@shdfnd@physx@@@shdfnd@2@@shdfnd@physx@@QAE@ABV?$InlineAllocator@$0CAAA@VNamedAllocator@shdfnd@physx@@@12@@Z 100110c0 f i RTreeCooking.obj
 0001:00010110       ??0?$Array@UPxBounds3V@physx@@VNamedAllocator@shdfnd@2@@shdfnd@physx@@QAE@ABVNamedAllocator@12@@Z 10011110 f i RTreeCooking.obj
 0001:00010150       ??0?$Array@URTreeNodeNQ@physx@@VNamedAllocator@shdfnd@2@@shdfnd@physx@@QAE@ABVNamedAllocator@12@@Z 10011150 f i RTreeCooking.obj
 0001:00010190       ??0?$Array@URTreeNodeQ@Gu@physx@@VNamedAllocator@shdfnd@3@@shdfnd@physx@@QAE@ABVNamedAllocator@12@@Z 10011190 f i RTreeCooking.obj
 0001:000101d0       ??0?$InlineAllocator@$0CAAA@VNamedAllocator@shdfnd@physx@@@shdfnd@physx@@QAE@ABV012@@Z 100111d0 f i RTreeCooking.obj
 0001:00010200       ??0?$InlineAllocator@$0CAAA@VNamedAllocator@shdfnd@physx@@@shdfnd@physx@@QAE@ABVNamedAllocator@12@@Z 10011200 f i RTreeCooking.obj
 0001:00010230       ??0?$InlineArray@UInterval@physx@@$0EAA@VNamedAllocator@shdfnd@2@@shdfnd@physx@@QAE@ABVNamedAllocator@12@@Z 10011230 f i RTreeCooking.obj
 0001:000102a0       ??0?$ScopedPointer@HVTempAllocator@shdfnd@physx@@@shdfnd@physx@@QAE@XZ 100112a0 f i RTreeCooking.obj
 0001:000102c0       ??0?$Stack@VNamedAllocator@shdfnd@physx@@@internal@shdfnd@physx@@QAE@PAHIABVNamedAllocator@23@@Z 100112c0 f i RTreeCooking.obj
 0001:00010300       ??0BoundsLTE@physx@@QAE@IPBVPxVec3@1@@Z 10011300 f i RTreeCooking.obj
 0001:00010330       ??0Interval@physx@@QAE@II@Z 10011330 f i RTreeCooking.obj
 0001:00010360       ??0PxBounds3@physx@@QAE@ABVPxVec3@1@0@Z 10011360 f i RTreeCooking.obj
 0001:00010390       ??0PxBounds3V@physx@@QAE@AAT__m128@@0@Z 10011390 f i RTreeCooking.obj
 0001:000103c0       ??0PxBounds3V@physx@@QAE@UU@01@@Z 100113c0 f i RTreeCooking.obj
 0001:000103d0       ??0PxVec4@physx@@QAE@ABVPxVec3@1@M@Z 100113d0 f i RTreeCooking.obj
 0001:00010410       ??0PxVec4@physx@@QAE@M@Z   10011410 f i RTreeCooking.obj
 0001:00010460       ??0RTreeNodeNQ@physx@@QAE@ABU01@@Z 10011460 f i RTreeCooking.obj
 0001:000104a0       ??0RTreeNodeNQ@physx@@QAE@XZ 100114a0 f i RTreeCooking.obj
 0001:000104d0       ??0SortBoundsPredicate@physx@@QAE@IPBUPxBounds3V@1@@Z 100114d0 f i RTreeCooking.obj
 0001:00010500       ??0SubSortQuick@physx@@QAE@PAIPBUPxBounds3V@1@IM@Z 10011500 f i RTreeCooking.obj
 0001:00010620       ??0SubSortSAH@physx@@QAE@PAIPBUPxBounds3V@1@IPBI22222M@Z 10011620 f i RTreeCooking.obj
 0001:000107a0       ??0TempAllocator@shdfnd@physx@@QAE@PBD@Z 100117a0 f i RTreeCooking.obj
 0001:000107b0       ??1?$Array@IVNamedAllocator@shdfnd@physx@@@shdfnd@physx@@QAE@XZ 100117b0 f i RTreeCooking.obj
 0001:00010810       ??1?$Array@UInterval@physx@@V?$InlineAllocator@$0CAAA@VNamedAllocator@shdfnd@physx@@@shdfnd@2@@shdfnd@physx@@QAE@XZ 10011810 f i RTreeCooking.obj
 0001:00010880       ??1?$Array@UPxBounds3V@physx@@VNamedAllocator@shdfnd@2@@shdfnd@physx@@QAE@XZ 10011880 f i RTreeCooking.obj
 0001:000108e0       ??1?$Array@URTreeNodeNQ@physx@@VNamedAllocator@shdfnd@2@@shdfnd@physx@@QAE@XZ 100118e0 f i RTreeCooking.obj
 0001:00010940       ??1?$Array@URTreeNodeQ@Gu@physx@@VNamedAllocator@shdfnd@3@@shdfnd@physx@@QAE@XZ 10011940 f i RTreeCooking.obj
 0001:000109a0       ??1?$InlineAllocator@$0CAAA@VNamedAllocator@shdfnd@physx@@@shdfnd@physx@@QAE@XZ 100119a0 f i RTreeCooking.obj
 0001:000109c0       ??1?$InlineArray@UInterval@physx@@$0EAA@VNamedAllocator@shdfnd@2@@shdfnd@physx@@QAE@XZ 100119c0 f i RTreeCooking.obj
 0001:000109e0       ??1?$ScopedPointer@HVTempAllocator@shdfnd@physx@@@shdfnd@physx@@QAE@XZ 100119e0 f i RTreeCooking.obj
 0001:00010a10       ??1?$Stack@VNamedAllocator@shdfnd@physx@@@internal@shdfnd@physx@@QAE@XZ 10011a10 f i RTreeCooking.obj
 0001:00010a40       ??1SubSortQuick@physx@@QAE@XZ 10011a40 f i RTreeCooking.obj
 0001:00010a60       ??1SubSortSAH@physx@@QAE@XZ 10011a60 f i RTreeCooking.obj
 0001:00010b00       ??4PxVec4@physx@@QAEAAV01@ABV01@@Z 10011b00 f i RTreeCooking.obj
 0001:00010b40       ??A?$Array@IVNamedAllocator@shdfnd@physx@@@shdfnd@physx@@QAEAAII@Z 10011b40 f i RTreeCooking.obj
 0001:00010ba0       ??A?$Array@UInterval@physx@@V?$InlineAllocator@$0CAAA@VNamedAllocator@shdfnd@physx@@@shdfnd@2@@shdfnd@physx@@QAEAAUInterval@2@I@Z 10011ba0 f i RTreeCooking.obj
 0001:00010c00       ??A?$Array@URTreeNodeNQ@physx@@VNamedAllocator@shdfnd@2@@shdfnd@physx@@QAEAAURTreeNodeNQ@2@I@Z 10011c00 f i RTreeCooking.obj
 0001:00010c60       ??A?$Array@URTreeNodeQ@Gu@physx@@VNamedAllocator@shdfnd@3@@shdfnd@physx@@QAEAAURTreeNodeQ@Gu@2@I@Z 10011c60 f i RTreeCooking.obj
 0001:00010cc0       ??B?$ScopedPointer@HVTempAllocator@shdfnd@physx@@@shdfnd@physx@@QBEPAHXZ 10011cc0 f i RTreeCooking.obj
 0001:00010cd0       ??GPxVec4@physx@@QBE?AV01@ABV01@@Z 10011cd0 f i RTreeCooking.obj
 0001:00010d40       ??KPxVec4@physx@@QBE?AV01@M@Z 10011d40 f i RTreeCooking.obj
 0001:00010dc0       ??R?$Less@I@shdfnd@physx@@QBE_NABI0@Z 10011dc0 f i RTreeCooking.obj
 0001:00010df0       ??RBoundsLTE@physx@@QBE_NABI0@Z 10011df0 f i RTreeCooking.obj
 0001:00010e60       ??RSortBoundsPredicate@physx@@QBE_NABI0@Z 10011e60 f i RTreeCooking.obj
 0001:00010f50       ?FMax@aos@shdfnd@physx@@YA?AT__m128@@XZ 10011f50 f i RTreeCooking.obj
 0001:00010f90       ?FNegMax@aos@shdfnd@physx@@YA?AT__m128@@XZ 10011f90 f i RTreeCooking.obj
 0001:00010fd0       ?FStore@aos@shdfnd@physx@@YAXT__m128@@PIAM@Z 10011fd0 f i RTreeCooking.obj
 0001:00011050       ?PxAbs@physx@@YAHH@Z       10012050 f i RTreeCooking.obj
 0001:00011070       ?V3Add@aos@shdfnd@physx@@YA?AT__m128@@T4@0@Z 10012070 f i RTreeCooking.obj
 0001:00011130       ?V3Dot@aos@shdfnd@physx@@YA?AT__m128@@T4@0@Z 10012130 f i RTreeCooking.obj
 0001:00011260       ?V3LoadU@aos@shdfnd@physx@@YA?AT__m128@@ABVPxVec3@3@@Z 10012260 f i RTreeCooking.obj
 0001:000112b0       ?V3Max@aos@shdfnd@physx@@YA?AT__m128@@T4@0@Z 100122b0 f i RTreeCooking.obj
 0001:00011370       ?V3Min@aos@shdfnd@physx@@YA?AT__m128@@T4@0@Z 10012370 f i RTreeCooking.obj
 0001:00011430       ?V3PermZXY@aos@shdfnd@physx@@YA?AT__m128@@T4@@Z 10012430 f i RTreeCooking.obj
 0001:000114b0       ?V3ReadXYZ@aos@shdfnd@physx@@YAABVPxVec3@3@ABT__m128@@@Z 100124b0 f i RTreeCooking.obj
 0001:000114c0       ?V3Splat@aos@shdfnd@physx@@YA?AT__m128@@T4@@Z 100124c0 f i RTreeCooking.obj
 0001:00011570       ?V3StoreA@aos@shdfnd@physx@@YAXT__m128@@AAVPxVec3@3@@Z 10012570 f i RTreeCooking.obj
 0001:00011630       ?V3StoreU@aos@shdfnd@physx@@YAXT__m128@@AAVPxVec3@3@@Z 10012630 f i RTreeCooking.obj
 0001:000116b0       ?V3Sub@aos@shdfnd@physx@@YA?AT__m128@@T4@0@Z 100126b0 f i RTreeCooking.obj
 0001:00011770       ?V3Zero@aos@shdfnd@physx@@YA?AT__m128@@XZ 10012770 f i RTreeCooking.obj
 0001:000117a0       ?V4ClearW@aos@shdfnd@physx@@YA?AT__m128@@T4@@Z 100127a0 f i RTreeCooking.obj
 0001:000117e0       ?V4ReadW@aos@shdfnd@physx@@YAMABT__m128@@@Z 100127e0 f i RTreeCooking.obj
 0001:000117f0       ?V4ReadX@aos@shdfnd@physx@@YAMABT__m128@@@Z 100127f0 f i RTreeCooking.obj
 0001:00011800       ?V4ReadY@aos@shdfnd@physx@@YAMABT__m128@@@Z 10012800 f i RTreeCooking.obj
 0001:00011810       ?V4ReadZ@aos@shdfnd@physx@@YAMABT__m128@@@Z 10012810 f i RTreeCooking.obj
 0001:00011820       ?Vec3V_From_FloatV@aos@shdfnd@physx@@YA?AT__m128@@T4@@Z 10012820 f i RTreeCooking.obj
 0001:00011870       ?Vec3V_From_Vec4V@aos@shdfnd@physx@@YA?AT__m128@@T4@@Z 10012870 f i RTreeCooking.obj
 0001:000118b0       ?Vec4V_From_FloatV@aos@shdfnd@physx@@YA?AT__m128@@T4@@Z 100128b0 f i RTreeCooking.obj
 0001:000118e0       ?allocate@?$AlignedAllocator@$0IA@VNonTrackingAllocator@shdfnd@physx@@@shdfnd@physx@@QAEPAXIPBDH@Z 100128e0 f i RTreeCooking.obj
 0001:00011940       ?allocate@?$Array@IVNamedAllocator@shdfnd@physx@@@shdfnd@physx@@IAEPAII@Z 10012940 f i RTreeCooking.obj
 0001:000119b0       ?allocate@?$Array@UInterval@physx@@V?$InlineAllocator@$0CAAA@VNamedAllocator@shdfnd@physx@@@shdfnd@2@@shdfnd@physx@@IAEPAUInterval@3@I@Z 100129b0 f i RTreeCooking.obj
 0001:00011a20       ?allocate@?$Array@UPxBounds3V@physx@@VNamedAllocator@shdfnd@2@@shdfnd@physx@@IAEPAUPxBounds3V@3@I@Z 10012a20 f i RTreeCooking.obj
 0001:00011a90       ?allocate@?$Array@URTreeNodeNQ@physx@@VNamedAllocator@shdfnd@2@@shdfnd@physx@@IAEPAURTreeNodeNQ@3@I@Z 10012a90 f i RTreeCooking.obj
 0001:00011b00       ?allocate@?$Array@URTreeNodeQ@Gu@physx@@VNamedAllocator@shdfnd@3@@shdfnd@physx@@IAEPAURTreeNodeQ@Gu@3@I@Z 10012b00 f i RTreeCooking.obj
 0001:00011b70       ?allocate@?$InlineAllocator@$0CAAA@VNamedAllocator@shdfnd@physx@@@shdfnd@physx@@QAEPAXIPBDH@Z 10012b70 f i RTreeCooking.obj
 0001:00011bc0       ?allocate@NonTrackingAllocator@shdfnd@physx@@QAEPAXIPBDH@Z 10012bc0 f i RTreeCooking.obj
 0001:00011c10       ?begin@?$Array@IVNamedAllocator@shdfnd@physx@@@shdfnd@physx@@QAEPAIXZ 10012c10 f i RTreeCooking.obj
 0001:00011c20       ?begin@?$Array@UPxBounds3V@physx@@VNamedAllocator@shdfnd@2@@shdfnd@physx@@QAEPAUPxBounds3V@3@XZ 10012c20 f i RTreeCooking.obj
 0001:00011c30       ?begin@?$Array@VPxVec3@physx@@VNamedAllocator@shdfnd@2@@shdfnd@physx@@QAEPAVPxVec3@3@XZ 10012c30 f i RTreeCooking.obj
 0001:00011c40       ?capacity@?$Array@IVNamedAllocator@shdfnd@physx@@@shdfnd@physx@@QBEIXZ 10012c40 f i RTreeCooking.obj
 0001:00011c60       ?capacity@?$Array@UInterval@physx@@V?$InlineAllocator@$0CAAA@VNamedAllocator@shdfnd@physx@@@shdfnd@2@@shdfnd@physx@@QBEIXZ 10012c60 f i RTreeCooking.obj
 0001:00011c80       ?capacity@?$Array@UPxBounds3V@physx@@VNamedAllocator@shdfnd@2@@shdfnd@physx@@QBEIXZ 10012c80 f i RTreeCooking.obj
 0001:00011ca0       ?capacity@?$Array@URTreeNodeNQ@physx@@VNamedAllocator@shdfnd@2@@shdfnd@physx@@QBEIXZ 10012ca0 f i RTreeCooking.obj
 0001:00011cc0       ?capacity@?$Array@URTreeNodeQ@Gu@physx@@VNamedAllocator@shdfnd@3@@shdfnd@physx@@QBEIXZ 10012cc0 f i RTreeCooking.obj
 0001:00011ce0       ?capacityIncrement@?$Array@IVNamedAllocator@shdfnd@physx@@@shdfnd@physx@@IBEIXZ 10012ce0 f i RTreeCooking.obj
 0001:00011d20       ?capacityIncrement@?$Array@UInterval@physx@@V?$InlineAllocator@$0CAAA@VNamedAllocator@shdfnd@physx@@@shdfnd@2@@shdfnd@physx@@IBEIXZ 10012d20 f i RTreeCooking.obj
 0001:00011d60       ?capacityIncrement@?$Array@UPxBounds3V@physx@@VNamedAllocator@shdfnd@2@@shdfnd@physx@@IBEIXZ 10012d60 f i RTreeCooking.obj
 0001:00011da0       ?capacityIncrement@?$Array@URTreeNodeNQ@physx@@VNamedAllocator@shdfnd@2@@shdfnd@physx@@IBEIXZ 10012da0 f i RTreeCooking.obj
 0001:00011de0       ?capacityIncrement@?$Array@URTreeNodeQ@Gu@physx@@VNamedAllocator@shdfnd@3@@shdfnd@physx@@IBEIXZ 10012de0 f i RTreeCooking.obj
 0001:00011e20       ?computeSA@SubSortSAH@physx@@QAEMPBIABUInterval@2@@Z 10012e20 f i RTreeCooking.obj
 0001:00011f50       ?copy@?$Array@IVNamedAllocator@shdfnd@physx@@@shdfnd@physx@@KAXPAI0PBI@Z 10012f50 f i RTreeCooking.obj
 0001:00011fa0       ?copy@?$Array@UInterval@physx@@V?$InlineAllocator@$0CAAA@VNamedAllocator@shdfnd@physx@@@shdfnd@2@@shdfnd@physx@@KAXPAUInterval@3@0PBU43@@Z 10012fa0 f i RTreeCooking.obj
 0001:00012000       ?copy@?$Array@UPxBounds3V@physx@@VNamedAllocator@shdfnd@2@@shdfnd@physx@@KAXPAUPxBounds3V@3@0PBU43@@Z 10013000 f i RTreeCooking.obj
 0001:00012060       ?copy@?$Array@URTreeNodeNQ@physx@@VNamedAllocator@shdfnd@2@@shdfnd@physx@@KAXPAURTreeNodeNQ@3@0PBU43@@Z 10013060 f i RTreeCooking.obj
 0001:000120b0       ?copy@?$Array@URTreeNodeQ@Gu@physx@@VNamedAllocator@shdfnd@3@@shdfnd@physx@@KAXPAURTreeNodeQ@Gu@3@0PBU453@@Z 100130b0 f i RTreeCooking.obj
 0001:00012110       ?create@?$Array@IVNamedAllocator@shdfnd@physx@@@shdfnd@physx@@KAXPAI0ABI@Z 10013110 f i RTreeCooking.obj
 0001:00012150       ?deallocate@?$Array@IVNamedAllocator@shdfnd@physx@@@shdfnd@physx@@IAEXPAX@Z 10013150 f i RTreeCooking.obj
 0001:00012170       ?deallocate@?$Array@UInterval@physx@@V?$InlineAllocator@$0CAAA@VNamedAllocator@shdfnd@physx@@@shdfnd@2@@shdfnd@physx@@IAEXPAX@Z 10013170 f i RTreeCooking.obj
 0001:00012190       ?deallocate@?$Array@UPxBounds3V@physx@@VNamedAllocator@shdfnd@2@@shdfnd@physx@@IAEXPAX@Z 10013190 f i RTreeCooking.obj
 0001:000121b0       ?deallocate@?$Array@URTreeNodeNQ@physx@@VNamedAllocator@shdfnd@2@@shdfnd@physx@@IAEXPAX@Z 100131b0 f i RTreeCooking.obj
 0001:000121d0       ?deallocate@?$Array@URTreeNodeQ@Gu@physx@@VNamedAllocator@shdfnd@3@@shdfnd@physx@@IAEXPAX@Z 100131d0 f i RTreeCooking.obj
 0001:000121f0       ?deallocate@?$InlineAllocator@$0CAAA@VNamedAllocator@shdfnd@physx@@@shdfnd@physx@@QAEXPAX@Z 100131f0 f i RTreeCooking.obj
 0001:00012220       ?destroy@?$Array@IVNamedAllocator@shdfnd@physx@@@shdfnd@physx@@KAXPAI0@Z 10013220 f i RTreeCooking.obj
 0001:00012240       ?destroy@?$Array@UInterval@physx@@V?$InlineAllocator@$0CAAA@VNamedAllocator@shdfnd@physx@@@shdfnd@2@@shdfnd@physx@@KAXPAUInterval@3@0@Z 10013240 f i RTreeCooking.obj
 0001:00012260       ?destroy@?$Array@UPxBounds3V@physx@@VNamedAllocator@shdfnd@2@@shdfnd@physx@@KAXPAUPxBounds3V@3@0@Z 10013260 f i RTreeCooking.obj
 0001:00012280       ?destroy@?$Array@URTreeNodeNQ@physx@@VNamedAllocator@shdfnd@2@@shdfnd@physx@@KAXPAURTreeNodeNQ@3@0@Z 10013280 f i RTreeCooking.obj
 0001:000122a0       ?destroy@?$Array@URTreeNodeQ@Gu@physx@@VNamedAllocator@shdfnd@3@@shdfnd@physx@@KAXPAURTreeNodeQ@Gu@3@0@Z 100132a0 f i RTreeCooking.obj
 0001:000122c0       ?empty@?$Stack@VNamedAllocator@shdfnd@physx@@@internal@shdfnd@physx@@QAE_NXZ 100132c0 f i RTreeCooking.obj
 0001:000122f0       ?empty@PxBounds3@physx@@SA?AV12@XZ 100132f0 f i RTreeCooking.obj
 0001:00012340       ?getExtents@PxBounds3V@physx@@QBE?AT__m128@@XZ 10013340 f i RTreeCooking.obj
 0001:00012390       ?getMaxVec3@PxBounds3V@physx@@QBE?BVPxVec3@2@XZ 10013390 f i RTreeCooking.obj
 0001:000123d0       ?getMinVec3@PxBounds3V@physx@@QBE?BVPxVec3@2@XZ 100133d0 f i RTreeCooking.obj
 0001:00012410       ?grow@?$Array@IVNamedAllocator@shdfnd@physx@@@shdfnd@physx@@IAEXI@Z 10013410 f i RTreeCooking.obj
 0001:00012470       ?grow@?$Array@UPxBounds3V@physx@@VNamedAllocator@shdfnd@2@@shdfnd@physx@@IAEXI@Z 10013470 f i RTreeCooking.obj
 0001:000124d0       ?grow@?$Array@URTreeNodeNQ@physx@@VNamedAllocator@shdfnd@2@@shdfnd@physx@@IAEXI@Z 100134d0 f i RTreeCooking.obj
 0001:00012530       ?grow@?$Array@URTreeNodeQ@Gu@physx@@VNamedAllocator@shdfnd@3@@shdfnd@physx@@IAEXI@Z 10013530 f i RTreeCooking.obj
 0001:00012590       ?grow@?$Array@VPxVec3@physx@@VNamedAllocator@shdfnd@2@@shdfnd@physx@@IAEXI@Z 10013590 f i RTreeCooking.obj
 0001:000125f0       ?grow@?$Stack@VNamedAllocator@shdfnd@physx@@@internal@shdfnd@physx@@QAEXXZ 100135f0 f i RTreeCooking.obj
 0001:00012680       ?growAndPushBack@?$Array@IVNamedAllocator@shdfnd@physx@@@shdfnd@physx@@IAEAAIABI@Z 10013680 f i RTreeCooking.obj
 0001:000127b0       ?growAndPushBack@?$Array@UInterval@physx@@V?$InlineAllocator@$0CAAA@VNamedAllocator@shdfnd@physx@@@shdfnd@2@@shdfnd@physx@@IAEAAUInterval@3@ABU43@@Z 100137b0 f i RTreeCooking.obj
 0001:00012910       ?growAndPushBack@?$Array@UPxBounds3V@physx@@VNamedAllocator@shdfnd@2@@shdfnd@physx@@IAEAAUPxBounds3V@3@ABU43@@Z 10013910 f i RTreeCooking.obj
 0001:00012a40       ?growAndPushBack@?$Array@URTreeNodeNQ@physx@@VNamedAllocator@shdfnd@2@@shdfnd@physx@@IAEAAURTreeNodeNQ@3@ABU43@@Z 10013a40 f i RTreeCooking.obj
 0001:00012b70       ?growAndPushBack@?$Array@URTreeNodeQ@Gu@physx@@VNamedAllocator@shdfnd@3@@shdfnd@physx@@IAEAAURTreeNodeQ@Gu@3@ABU453@@Z 10013b70 f i RTreeCooking.obj
 0001:00012c90       ?include@PxBounds3V@physx@@QAEXABU12@@Z 10013c90 f i RTreeCooking.obj
 0001:00012d00       ?isInUserMemory@?$Array@IVNamedAllocator@shdfnd@physx@@@shdfnd@physx@@QBEIXZ 10013d00 f i RTreeCooking.obj
 0001:00012d20       ?isInUserMemory@?$Array@UInterval@physx@@V?$InlineAllocator@$0CAAA@VNamedAllocator@shdfnd@physx@@@shdfnd@2@@shdfnd@physx@@QBEIXZ 10013d20 f i RTreeCooking.obj
 0001:00012d40       ?isInUserMemory@?$Array@UPxBounds3V@physx@@VNamedAllocator@shdfnd@2@@shdfnd@physx@@QBEIXZ 10013d40 f i RTreeCooking.obj
 0001:00012d60       ?isInUserMemory@?$Array@URTreeNodeNQ@physx@@VNamedAllocator@shdfnd@2@@shdfnd@physx@@QBEIXZ 10013d60 f i RTreeCooking.obj
 0001:00012d80       ?isInUserMemory@?$Array@URTreeNodeQ@Gu@physx@@VNamedAllocator@shdfnd@3@@shdfnd@physx@@QBEIXZ 10013d80 f i RTreeCooking.obj
 0001:00012da0       ?isInside@PxBounds3@physx@@QBE_NABV12@@Z 10013da0 f i RTreeCooking.obj
 0001:00012e70       ?isLeaf@RTreeNodeQ@Gu@physx@@QBEIXZ 10013e70 f i RTreeCooking.obj
 0001:00012e90       ?isValidFloatV@aos@shdfnd@physx@@YA_NT__m128@@@Z 10013e90 f i RTreeCooking.obj
 0001:00013010       ?isValidVec3V@aos@shdfnd@physx@@YA_NT__m128@@@Z 10014010 f i RTreeCooking.obj
 0001:00013080       ?pop@?$Stack@VNamedAllocator@shdfnd@physx@@@internal@shdfnd@physx@@QAEXAAH0@Z 10014080 f i RTreeCooking.obj
 0001:00013120       ?popBack@?$Array@IVNamedAllocator@shdfnd@physx@@@shdfnd@physx@@QAEIXZ 10014120 f i RTreeCooking.obj
 0001:000131a0       ?push@?$Stack@VNamedAllocator@shdfnd@physx@@@internal@shdfnd@physx@@QAEXHH@Z 100141a0 f i RTreeCooking.obj
 0001:00013210       ?pushBack@?$Array@IVNamedAllocator@shdfnd@physx@@@shdfnd@physx@@QAEAAIABI@Z 10014210 f i RTreeCooking.obj
 0001:00013290       ?pushBack@?$Array@UInterval@physx@@V?$InlineAllocator@$0CAAA@VNamedAllocator@shdfnd@physx@@@shdfnd@2@@shdfnd@physx@@QAEAAUInterval@3@ABU43@@Z 10014290 f i RTreeCooking.obj
 0001:00013330       ?pushBack@?$Array@UPxBounds3V@physx@@VNamedAllocator@shdfnd@2@@shdfnd@physx@@QAEAAUPxBounds3V@3@ABU43@@Z 10014330 f i RTreeCooking.obj
 0001:000133b0       ?pushBack@?$Array@URTreeNodeNQ@physx@@VNamedAllocator@shdfnd@2@@shdfnd@physx@@QAEAAURTreeNodeNQ@3@ABU43@@Z 100143b0 f i RTreeCooking.obj
 0001:00013430       ?pushBack@?$Array@URTreeNodeQ@Gu@physx@@VNamedAllocator@shdfnd@3@@shdfnd@physx@@QAEAAURTreeNodeQ@Gu@3@ABU453@@Z 10014430 f i RTreeCooking.obj
 0001:000134b0       ?recreate@?$Array@IVNamedAllocator@shdfnd@physx@@@shdfnd@physx@@IAEXI@Z 100144b0 f i RTreeCooking.obj
 0001:00013580       ?recreate@?$Array@UPxBounds3V@physx@@VNamedAllocator@shdfnd@2@@shdfnd@physx@@IAEXI@Z 10014580 f i RTreeCooking.obj
 0001:00013650       ?recreate@?$Array@URTreeNodeNQ@physx@@VNamedAllocator@shdfnd@2@@shdfnd@physx@@IAEXI@Z 10014650 f i RTreeCooking.obj
 0001:00013720       ?recreate@?$Array@URTreeNodeQ@Gu@physx@@VNamedAllocator@shdfnd@3@@shdfnd@physx@@IAEXI@Z 10014720 f i RTreeCooking.obj
 0001:000137f0       ?recreate@?$Array@VPxVec3@physx@@VNamedAllocator@shdfnd@2@@shdfnd@physx@@IAEXI@Z 100147f0 f i RTreeCooking.obj
 0001:000138c0       ?replaceWithLast@?$Array@UInterval@physx@@V?$InlineAllocator@$0CAAA@VNamedAllocator@shdfnd@physx@@@shdfnd@2@@shdfnd@physx@@QAEXI@Z 100148c0 f i RTreeCooking.obj
 0001:00013960       ?reserve@?$Array@IVNamedAllocator@shdfnd@physx@@@shdfnd@physx@@QAEXI@Z 10014960 f i RTreeCooking.obj
 0001:00013990       ?reserve@?$Array@UPxBounds3V@physx@@VNamedAllocator@shdfnd@2@@shdfnd@physx@@QAEXI@Z 10014990 f i RTreeCooking.obj
 0001:000139c0       ?reserve@?$Array@URTreeNodeNQ@physx@@VNamedAllocator@shdfnd@2@@shdfnd@physx@@QAEXI@Z 100149c0 f i RTreeCooking.obj
 0001:000139f0       ?reserve@?$Array@URTreeNodeQ@Gu@physx@@VNamedAllocator@shdfnd@3@@shdfnd@physx@@QAEXI@Z 100149f0 f i RTreeCooking.obj
 0001:00013a20       ?reserve@?$Array@VPxVec3@physx@@VNamedAllocator@shdfnd@2@@shdfnd@physx@@QAEXI@Z 10014a20 f i RTreeCooking.obj
 0001:00013a50       ?resize@?$Array@IVNamedAllocator@shdfnd@physx@@@shdfnd@physx@@QAEXIABI@Z 10014a50 f i RTreeCooking.obj
 0001:00013ac0       ?resizeUninitialized@?$Array@URTreeNodeNQ@physx@@VNamedAllocator@shdfnd@2@@shdfnd@physx@@QAEXI@Z 10014ac0 f i RTreeCooking.obj
 0001:00013af0       ?setLeaf@RTreeNodeQ@Gu@physx@@QAEX_N@Z 10014af0 f i RTreeCooking.obj
 0001:00013b30       ?size@?$Array@IVNamedAllocator@shdfnd@physx@@@shdfnd@physx@@QBEIXZ 10014b30 f i RTreeCooking.obj
 0001:00013b50       ?size@?$Array@UInterval@physx@@V?$InlineAllocator@$0CAAA@VNamedAllocator@shdfnd@physx@@@shdfnd@2@@shdfnd@physx@@QBEIXZ 10014b50 f i RTreeCooking.obj
 0001:00013b70       ?size@?$Array@URTreeNodeNQ@physx@@VNamedAllocator@shdfnd@2@@shdfnd@physx@@QBEIXZ 10014b70 f i RTreeCooking.obj
 0001:00013b90       ?size@?$Array@URTreeNodeQ@Gu@physx@@VNamedAllocator@shdfnd@3@@shdfnd@physx@@QBEIXZ 10014b90 f i RTreeCooking.obj
 0001:00013bb0       ?size@?$Array@VPxVec3@physx@@VNamedAllocator@shdfnd@2@@shdfnd@physx@@QBEIXZ 10014bb0 f i RTreeCooking.obj
 0001:00013bd0       ?sort4@SubSortQuick@physx@@QAEXPIAIIAAV?$Array@URTreeNodeNQ@physx@@VNamedAllocator@shdfnd@2@@shdfnd@2@AAIAAUPxBounds3V@2@I@Z 10014bd0 f i RTreeCooking.obj
 0001:00014290       ?sort4@SubSortSAH@physx@@QAEXPAIIAAV?$Array@URTreeNodeNQ@physx@@VNamedAllocator@shdfnd@2@@shdfnd@2@AAIIPAURTreeNodeNQ@2@@Z 10015290 f i RTreeCooking.obj
 0001:00014d70       ?split@SubSortSAH@physx@@QAEIPAII@Z 10015d70 f i RTreeCooking.obj
 0001:00015760       ?computeLocalBounds@MeshBulider@physx@@IAEXAAVMeshDataBase@Gu@2@@Z 10016760 f   MeshBuilder.obj
 0001:00015860       _powf                      10016860 f i MeshBuilder.obj
 0001:00015890       ??0TriangleMeshBuilder@physx@@QAE@AAVTriangleMeshData@Gu@1@ABUPxCookingParams@1@@Z 10016890 f   TriangleMeshBuilder.obj
 0001:000158d0       ??1TriangleMeshBuilder@physx@@UAE@XZ 100168d0 f   TriangleMeshBuilder.obj
 0001:000158f0       ?cleanMesh@TriangleMeshBuilder@physx@@QAE_N_NPAW4Enum@PxTriangleMeshCookingResult@2@@Z 100168f0 f   TriangleMeshBuilder.obj
 0001:00015e80       ?remapTopology@TriangleMeshBuilder@physx@@QAEXPBI@Z 10016e80 f   TriangleMeshBuilder.obj
 0001:00016120       ?createSharedEdgeData@TriangleMeshBuilder@physx@@QAEX_N0@Z 10017120 f   TriangleMeshBuilder.obj
 0001:00016700       ?recordTriangleIndices@TriangleMeshBuilder@physx@@QAEXXZ 10017700 f   TriangleMeshBuilder.obj
 0001:00016850       ?createGRBMidPhaseAndData@TriangleMeshBuilder@physx@@QAEXI@Z 10017850 f   TriangleMeshBuilder.obj
 0001:00016aa0       ?createGRBData@TriangleMeshBuilder@physx@@QAEXXZ 10017aa0 f   TriangleMeshBuilder.obj
 0001:00016bb0       ?loadFromDesc@TriangleMeshBuilder@physx@@QAE_NABVPxTriangleMeshDesc@2@PAW4Enum@PxTriangleMeshCookingResult@2@_N@Z 10017bb0 f   TriangleMeshBuilder.obj
 0001:00016db0       ?save@TriangleMeshBuilder@physx@@QBE_NAAVPxOutputStream@2@_NABUPxCookingParams@2@@Z 10017db0 f   TriangleMeshBuilder.obj
 0001:00017420       ?checkMeshIndicesSize@TriangleMeshBuilder@physx@@QAEXXZ 10018420 f   TriangleMeshBuilder.obj
 0001:000175b0       ?importMesh@TriangleMeshBuilder@physx@@IAE_NABVPxTriangleMeshDesc@2@ABUPxCookingParams@2@PAW4Enum@PxTriangleMeshCookingResult@2@_N@Z 100185b0 f   TriangleMeshBuilder.obj
 0001:00017a20       ?releaseEdgeList@TriangleMeshBuilder@physx@@IAEXXZ 10018a20 f   TriangleMeshBuilder.obj
 0001:00017a60       ?createEdgeList@TriangleMeshBuilder@physx@@IAEXXZ 10018a60 f   TriangleMeshBuilder.obj
 0001:00017b60       ??0RTreeTriangleMeshBuilder@physx@@QAE@ABUPxCookingParams@1@@Z 10018b60 f   TriangleMeshBuilder.obj
 0001:00017ba0       ??1RTreeTriangleMeshBuilder@physx@@UAE@XZ 10018ba0 f   TriangleMeshBuilder.obj
[...]
 0003:00000639       ?_ignore@?CD@??importMesh@TriangleMeshBuilder@physx@@IAE_NABVPxTriangleMeshDesc@3@ABUPxCookingParams@3@PAW4Enum@PxTriangleMeshCookingResult@3@_N@Z@4_NA 10047639     TriangleMeshBuilder.obj
 0003:0000063a       ?_ignore@?5??checkMeshIndicesSize@TriangleMeshBuilder@physx@@QAEXXZ@4_NA 1004763a     TriangleMeshBuilder.obj
 0003:0000063b       ?_ignore@?2??saveMidPhaseStructure@BV4TriangleMeshBuilder@physx@@UBEXAAVPxOutputStream@3@_N@Z@4_NA 1004763b     TriangleMeshBuilder.obj
 0003:0000063c       ?_ignore@?2??createMidPhaseStructure@BV32TriangleMeshBuilder@physx@@SAXABUPxCookingParams@3@AAVTriangleMeshData@Gu@3@AAVBV32Tree@63@@Z@4_NA 1004763c     TriangleMeshBuilder.obj
 0003:0000063d       ?_ignore@?2??saveMidPhaseStructure@BV32TriangleMeshBuilder@physx@@SAXPAVBV32Tree@Gu@3@AAVPxOutputStream@3@_N@Z@4_NA 1004763d     TriangleMeshBuilder.obj
 0003:00000643       ?_ignore@?2??createMidPhaseStructure@RTreeTriangleMeshBuilder@physx@@UAEXXZ@4_NA 10047643     TriangleMeshBuilder.obj
 0003:00000660       ?maxV3Error@_VecMathTests@aos@shdfnd@physx@@3T__m128@@B 10047660     BigConvexDataBuilder.obj
 0003:00000670       ?minFError@_VecMathTests@aos@shdfnd@physx@@3T__m128@@B 10047670     BigConvexDataBuilder.obj
 0003:00000680       ?maxV4Error@_VecMathTests@aos@shdfnd@physx@@3T__m128@@B 10047680     BigConvexDataBuilder.obj
 0003:00000690       ?minV4Error@_VecMathTests@aos@shdfnd@physx@@3T__m128@@B 10047690     BigConvexDataBuilder.obj
 0003:000006a0       ?minV3Error@_VecMathTests@aos@shdfnd@physx@@3T__m128@@B 100476a0     BigConvexDataBuilder.obj
 0003:000006b0       ?maxFError@_VecMathTests@aos@shdfnd@physx@@3T__m128@@B 100476b0     BigConvexDataBuilder.obj
 0003:000006c0       ?_ignore@?6??computeValencies@BigConvexDataBuilder@physx@@QAE_NABVConvexHullBuilder@3@@Z@4_NA 100476c0     BigConvexDataBuilder.obj
 0003:000006c1       ?_ignore@?7??computeValencies@BigConvexDataBuilder@physx@@QAE_NABVConvexHullBuilder@3@@Z@4_NA 100476c1     BigConvexDataBuilder.obj
 0003:000006c2       ?_ignore@?N@??precompute@BigConvexDataBuilder@physx@@QAE_NI@Z@4_NA 100476c2     BigConvexDataBuilder.obj
 0003:000006c3       ?_ignore@?O@??precompute@BigConvexDataBuilder@physx@@QAE_NI@Z@4_NA 100476c3     BigConvexDataBuilder.obj
 0003:000006d0       ?maxV3Error@_VecMathTests@aos@shdfnd@physx@@3T__m128@@B 100476d0     ConvexHullBuilder.obj
 0003:000006e0       ?minFError@_VecMathTests@aos@shdfnd@physx@@3T__m128@@B 100476e0     ConvexHullBuilder.obj
 0003:000006f0       ?maxV4Error@_VecMathTests@aos@shdfnd@physx@@3T__m128@@B 100476f0     ConvexHullBuilder.obj
 0003:00000700       ?minV4Error@_VecMathTests@aos@shdfnd@physx@@3T__m128@@B 10047700     ConvexHullBuilder.obj
 0003:00000710       ?minV3Error@_VecMathTests@aos@shdfnd@physx@@3T__m128@@B 10047710     ConvexHullBuilder.obj
 0003:00000720       ?maxFError@_VecMathTests@aos@shdfnd@physx@@3T__m128@@B 10047720     ConvexHullBuilder.obj
 0003:00000730       ?_ignore@?2??init@ConvexHullBuilder@physx@@QAE_NIPBVPxVec3@3@PBIIIPBUPxHullPolygon@3@_NPAVConvexHullLib@3@@Z@4_NA 10047730     ConvexHullBuilder.obj
 0003:00000731       ?_ignore@?3??init@ConvexHullBuilder@physx@@QAE_NIPBVPxVec3@3@PBIIIPBUPxHullPolygon@3@_NPAVConvexHullLib@3@@Z@4_NA 10047731     ConvexHullBuilder.obj
 0003:00000732       ?_ignore@?4??init@ConvexHullBuilder@physx@@QAE_NIPBVPxVec3@3@PBIIIPBUPxHullPolygon@3@_NPAVConvexHullLib@3@@Z@4_NA 10047732     ConvexHullBuilder.obj
 0003:00000733       ?_ignore@?5??init@ConvexHullBuilder@physx@@QAE_NIPBVPxVec3@3@PBIIIPBUPxHullPolygon@3@_NPAVConvexHullLib@3@@Z@4_NA 10047733     ConvexHullBuilder.obj
 0003:00000734       ?_ignore@?6??init@ConvexHullBuilder@physx@@QAE_NIPBVPxVec3@3@PBIIIPBUPxHullPolygon@3@_NPAVConvexHullLib@3@@Z@4_NA 10047734     ConvexHullBuilder.obj
 0003:00000735       ?_ignore@?P@??init@ConvexHullBuilder@physx@@QAE_NIPBVPxVec3@3@PBIIIPBUPxHullPolygon@3@_NPAVConvexHullLib@3@@Z@4_NA 10047735     ConvexHullBuilder.obj
 0003:00000736       ?_ignore@?4??save@ConvexHullBuilder@physx@@QBE_NAAVPxOutputStream@3@_N@Z@4_NA 10047736     ConvexHullBuilder.obj
 0003:00000737       ?_ignore@?2??copy@ConvexHullBuilder@physx@@QAE_NAAUConvexHullData@Gu@3@AAI@Z@4_NA 10047737     ConvexHullBuilder.obj
 0003:00000738       ?_ignore@?4??copy@ConvexHullBuilder@physx@@QAE_NAAUConvexHullData@Gu@3@AAI@Z@4_NA 10047738     ConvexHullBuilder.obj
 0003:00000739       ?_ignore@?5??copy@ConvexHullBuilder@physx@@QAE_NAAUConvexHullData@Gu@3@AAI@Z@4_NA 10047739     ConvexHullBuilder.obj
 0003:0000073a       ?_ignore@?6??copy@ConvexHullBuilder@physx@@QAE_NAAUConvexHullData@Gu@3@AAI@Z@4_NA 1004773a     ConvexHullBuilder.obj
 0003:0000073b       ?_ignore@?7??copy@ConvexHullBuilder@physx@@QAE_NAAUConvexHullData@Gu@3@AAI@Z@4_NA 1004773b     ConvexHullBuilder.obj
 0003:0000073c       ?_ignore@?8??copy@ConvexHullBuilder@physx@@QAE_NAAUConvexHullData@Gu@3@AAI@Z@4_NA 1004773c     ConvexHullBuilder.obj
 0003:0000073d       ?_ignore@?9??copy@ConvexHullBuilder@physx@@QAE_NAAUConvexHullData@Gu@3@AAI@Z@4_NA 1004773d     ConvexHullBuilder.obj
 0003:0000073e       ?_ignore@?L@??copy@ConvexHullBuilder@physx@@QAE_NAAUConvexHullData@Gu@3@AAI@Z@4_NA 1004773e     ConvexHullBuilder.obj
 0003:0000073f       ?_ignore@?M@??copy@ConvexHullBuilder@physx@@QAE_NAAUConvexHullData@Gu@3@AAI@Z@4_NA 1004773f     ConvexHullBuilder.obj
 0003:00000740       ?_ignore@?N@??createEdgeList@ConvexHullBuilder@physx@@QAE_N_NI@Z@4_NA 10047740     ConvexHullBuilder.obj
 0003:00000741       ?_ignore@?O@??createEdgeList@ConvexHullBuilder@physx@@QAE_N_NI@Z@4_NA 10047741     ConvexHullBuilder.obj
 0003:00000742       ?_ignore@?2??shiftConvexMeshDesc@ConvexHullLib@physx@@IAEXAAVPxConvexMeshDesc@3@@Z@4_NA 10047742     ConvexHullLib.obj
 0003:00000743       ?_ignore@?BF@??swapLargestFace@ConvexHullLib@physx@@IAEXAAVPxConvexMeshDesc@3@@Z@4_NA 10047743     ConvexHullLib.obj
 0003:00000750       ?maxV3Error@_VecMathTests@aos@shdfnd@physx@@3T__m128@@B 10047750     ConvexHullUtils.obj
 0003:00000760       ?minFError@_VecMathTests@aos@shdfnd@physx@@3T__m128@@B 10047760     ConvexHullUtils.obj
 0003:00000770       ?maxV4Error@_VecMathTests@aos@shdfnd@physx@@3T__m128@@B 10047770     ConvexHullUtils.obj
 0003:00000780       ?MAXDOT_MINANG@local@@3MB  10047780     ConvexHullUtils.obj
 0003:00000790       ?minV4Error@_VecMathTests@aos@shdfnd@physx@@3T__m128@@B 10047790     ConvexHullUtils.obj
 0003:000007a0       ?minV3Error@_VecMathTests@aos@shdfnd@physx@@3T__m128@@B 100477a0     ConvexHullUtils.obj
 0003:000007b0       ?maxFError@_VecMathTests@aos@shdfnd@physx@@3T__m128@@B 100477b0     ConvexHullUtils.obj
 0003:000007d1       ?_ignore@?2??computeOBBSIMD@local@@YAXIPBT__m128@@AAT3@ABT3@1@Z@4_NA 100477d1     ConvexHullUtils.obj
 0003:000007d2       ?_ignore@?L@??assertIntact@ConvexHull@physx@@QBE_NM@Z@4_NA 100477d2     ConvexHullUtils.obj
 0003:000007d3       ?_ignore@?O@??assertIntact@ConvexHull@physx@@QBE_NM@Z@4_NA 100477d3     ConvexHullUtils.obj
 0003:000007d4       ?_ignore@?P@??assertIntact@ConvexHull@physx@@QBE_NM@Z@4_NA 100477d4     ConvexHullUtils.obj
 0003:000007d5       ?_ignore@?BA@??assertIntact@ConvexHull@physx@@QBE_NM@Z@4_NA 100477d5     ConvexHullUtils.obj
 0003:000007d6       ?_ignore@?BF@??assertIntact@ConvexHull@physx@@QBE_NM@Z@4_NA 100477d6     ConvexHullUtils.obj
 0003:000007d7       ?_ignore@?2??convexHullCrop@physx@@YAPAVConvexHull@2@ABV32@ABVPxPlane@2@M@Z@4_NA 100477d7     ConvexHullUtils.obj
 0003:000007d8       ?_ignore@?BF@??convexHullCrop@physx@@YAPAVConvexHull@2@ABV32@ABVPxPlane@2@M@Z@4_NA 100477d8     ConvexHullUtils.obj
 0003:000007d9       ?_ignore@?BJ@??convexHullCrop@physx@@YAPAVConvexHull@2@ABV32@ABVPxPlane@2@M@Z@4_NA 100477d9     ConvexHullUtils.obj
 0003:000007da       ?_ignore@?CG@??convexHullCrop@physx@@YAPAVConvexHull@2@ABV32@ABVPxPlane@2@M@Z@4_NA 100477da     ConvexHullUtils.obj
 0003:000007db       ?_ignore@?DC@??convexHullCrop@physx@@YAPAVConvexHull@2@ABV32@ABVPxPlane@2@M@Z@4_NA 100477db     ConvexHullUtils.obj
 0003:000007dc       ?_ignore@?EC@??convexHullCrop@physx@@YAPAVConvexHull@2@ABV32@ABVPxPlane@2@M@Z@4_NA 100477dc     ConvexHullUtils.obj
 0003:000007dd       ?_ignore@?ED@??convexHullCrop@physx@@YAPAVConvexHull@2@ABV32@ABVPxPlane@2@M@Z@4_NA 100477dd     ConvexHullUtils.obj
 0003:000007de       ?_ignore@?EL@??convexHullCrop@physx@@YAPAVConvexHull@2@ABV32@ABVPxPlane@2@M@Z@4_NA 100477de     ConvexHullUtils.obj
 0003:000007df       ?_ignore@?FC@??convexHullCrop@physx@@YAPAVConvexHull@2@ABV32@ABVPxPlane@2@M@Z@4_NA 100477df     ConvexHullUtils.obj
 0003:000007e0       ?_ignore@?FD@??convexHullCrop@physx@@YAPAVConvexHull@2@ABV32@ABVPxPlane@2@M@Z@4_NA 100477e0     ConvexHullUtils.obj
 0003:000007e1       ?_ignore@?FE@??convexHullCrop@physx@@YAPAVConvexHull@2@ABV32@ABVPxPlane@2@M@Z@4_NA 100477e1     ConvexHullUtils.obj
 0003:000007e2       ?_ignore@?GO@??convexHullCrop@physx@@YAPAVConvexHull@2@ABV32@ABVPxPlane@2@M@Z@4_NA 100477e2     ConvexHullUtils.obj
 0003:000007f0       ?maxV3Error@_VecMathTests@aos@shdfnd@physx@@3T__m128@@B 100477f0     ConvexMeshBuilder.obj
 0003:00000800       ?minFError@_VecMathTests@aos@shdfnd@physx@@3T__m128@@B 10047800     ConvexMeshBuilder.obj
 0003:00000810       ?maxV4Error@_VecMathTests@aos@shdfnd@physx@@3T__m128@@B 10047810     ConvexMeshBuilder.obj
 0003:00000820       ?minV4Error@_VecMathTests@aos@shdfnd@physx@@3T__m128@@B 10047820     ConvexMeshBuilder.obj
 0003:00000830       ?minV3Error@_VecMathTests@aos@shdfnd@physx@@3T__m128@@B 10047830     ConvexMeshBuilder.obj
 0003:00000840       ?maxFError@_VecMathTests@aos@shdfnd@physx@@3T__m128@@B 10047840     ConvexMeshBuilder.obj
 0003:00000850       ?_ignore@?O@??computeHullPolygons@ConvexMeshBuilder@physx@@QAE_NABIPBVPxVec3@3@0PBIAAVPxAllocatorCallback@3@AAIAAPAV43@4AAPAI4AAPAUPxHullPolygon@3@@Z@4_NA 10047850     ConvexMeshBuilder.obj
 0003:00000851       ?_ignore@?L@??findLineStrip@@YA_NAAV?$Array@IVNamedAllocator@shdfnd@physx@@@shdfnd@physx@@ABV?$Array@VPair@@VNamedAllocator@shdfnd@physx@@@34@@Z@4_NA 10047851     ConvexPolygonsBuilder.obj
 0003:00000852       ?_ignore@?BC@??findLineStrip@@YA_NAAV?$Array@IVNamedAllocator@shdfnd@physx@@@shdfnd@physx@@ABV?$Array@VPair@@VNamedAllocator@shdfnd@physx@@@34@@Z@4_NA 10047852     ConvexPolygonsBuilder.obj
 0003:00000853       ?_ignore@?6??checkRedundantVertices@@YAXAAIAAV?$Array@IVNamedAllocator@shdfnd@physx@@@shdfnd@physx@@ABVConvexPolygonsBuilder@4@11@Z@4_NA 10047853     ConvexPolygonsBuilder.obj
 0003:00000854       ?_ignore@?2??extractHullPolygons@@YA_NAAIAAV?$Array@IVNamedAllocator@shdfnd@physx@@@shdfnd@physx@@ABVConvexPolygonsBuilder@4@PAV234@1@Z@4_NA 10047854     ConvexPolygonsBuilder.obj
 0003:00000855       ?_ignore@?CB@??extractHullPolygons@@YA_NAAIAAV?$Array@IVNamedAllocator@shdfnd@physx@@@shdfnd@physx@@ABVConvexPolygonsBuilder@4@PAV234@1@Z@4_NA 10047855     ConvexPolygonsBuilder.obj
 0003:00000856       ?_ignore@?2??computeHullPolygons@ConvexPolygonsBuilder@physx@@QAE_NABIPBVPxVec3@3@0PBI@Z@4_NA 10047856     ConvexPolygonsBuilder.obj
 0003:00000857       ?_ignore@?3??computeHullPolygons@ConvexPolygonsBuilder@physx@@QAE_NABIPBVPxVec3@3@0PBI@Z@4_NA 10047857     ConvexPolygonsBuilder.obj
 0003:00000858       ?_ignore@?6??computeHullPolygons@ConvexPolygonsBuilder@physx@@QAE_NABIPBVPxVec3@3@0PBI@Z@4_NA 10047858     ConvexPolygonsBuilder.obj
 0003:00000859       ?_ignore@?7??computeHullPolygons@ConvexPolygonsBuilder@physx@@QAE_NABIPBVPxVec3@3@0PBI@Z@4_NA 10047859     ConvexPolygonsBuilder.obj
 0003:0000085a       ?_ignore@?8??computeHullPolygons@ConvexPolygonsBuilder@physx@@QAE_NABIPBVPxVec3@3@0PBI@Z@4_NA 1004785a     ConvexPolygonsBuilder.obj
 0003:0000085b       ?_ignore@?9??computeHullPolygons@ConvexPolygonsBuilder@physx@@QAE_NABIPBVPxVec3@3@0PBI@Z@4_NA 1004785b     ConvexPolygonsBuilder.obj
 0003:0000085c       ?_ignore@?BA@??createPolygonData@ConvexPolygonsBuilder@physx@@AAE_NXZ@4_NA 1004785c     ConvexPolygonsBuilder.obj
 0003:0000085d       ?_ignore@?BF@??createPolygonData@ConvexPolygonsBuilder@physx@@AAE_NXZ@4_NA 1004785d     ConvexPolygonsBuilder.obj
 0003:0000085e       ?_ignore@?BI@??createPolygonData@ConvexPolygonsBuilder@physx@@AAE_NXZ@4_NA 1004785e     ConvexPolygonsBuilder.obj
 0003:0000085f       ?_ignore@?BP@??createPolygonData@ConvexPolygonsBuilder@physx@@AAE_NXZ@4_NA 1004785f     ConvexPolygonsBuilder.obj
 0003:00000860       ?_ignore@?CK@??createPolygonData@ConvexPolygonsBuilder@physx@@AAE_NXZ@4_NA 10047860     ConvexPolygonsBuilder.obj
 0003:00000861       ?_ignore@?DI@??createPolygonData@ConvexPolygonsBuilder@physx@@AAE_NXZ@4_NA 10047861     ConvexPolygonsBuilder.obj
 0003:00000862       ?_ignore@?BC@??createTrianglesFromPolygons@ConvexPolygonsBuilder@physx@@AAE_NXZ@4_NA 10047862     ConvexPolygonsBuilder.obj
 0003:00000868       ?MAXDOT_MINANG@local@@3MB  10047868     QuickHullConvexHullLib.obj
 0003:0000086f       ?_ignore@?2??getOppositeFaceDistance@QuickHullHalfEdge@local@@QBEMXZ@4_NA 1004786f     QuickHullConvexHullLib.obj
 0003:00000870       ?_ignore@?3??getOppositeFaceDistance@QuickHullHalfEdge@local@@QBEMXZ@4_NA 10047870     QuickHullConvexHullLib.obj
 0003:00000871       ?_ignore@?BI@??mergeAdjacentFace@QuickHullFace@local@@QAE_NPAUQuickHullHalfEdge@3@AAV?$Array@PAUQuickHullFace@local@@VNamedAllocator@shdfnd@physx@@@shdfnd@physx@@@Z@4_NA 10047871     QuickHullConvexHullLib.obj
 0003:00000872       ?_ignore@?4??checkFaceConsistency@QuickHullFace@local@@QAE_NXZ@4_NA 10047872     QuickHullConvexHullLib.obj
 0003:00000873       ?_ignore@?7??checkFaceConsistency@QuickHullFace@local@@QAE_NXZ@4_NA 10047873     QuickHullConvexHullLib.obj
 0003:00000874       ?_ignore@?8??checkFaceConsistency@QuickHullFace@local@@QAE_NXZ@4_NA 10047874     QuickHullConvexHullLib.obj
 0003:00000875       ?_ignore@?9??checkFaceConsistency@QuickHullFace@local@@QAE_NXZ@4_NA 10047875     QuickHullConvexHullLib.obj
 0003:00000876       ?_ignore@?L@??checkFaceConsistency@QuickHullFace@local@@QAE_NXZ@4_NA 10047876     QuickHullConvexHullLib.obj
 0003:00000877       ?_ignore@?M@??checkFaceConsistency@QuickHullFace@local@@QAE_NXZ@4_NA 10047877     QuickHullConvexHullLib.obj
 0003:00000878       ?_ignore@?2??preallocate@QuickHull@local@@QAEXI@Z@4_NA 10047878     QuickHullConvexHullLib.obj
 0003:00000879       ?_ignore@?2??parseInputVertices@QuickHull@local@@QAEXPBVPxVec3@physx@@I@Z@4_NA 10047879     QuickHullConvexHullLib.obj
 0003:0000087a       ?_ignore@?3??parseInputVertices@QuickHull@local@@QAEXPBVPxVec3@physx@@I@Z@4_NA 1004787a     QuickHullConvexHullLib.obj
 0003:0000087b       ?_ignore@?2??addSimplex@QuickHull@local@@IAEXPAUQuickHullVertex@3@_N@Z@4_NA 1004787b     QuickHullConvexHullLib.obj
 0003:0000087c       ?_ignore@?5??addPointToFace@QuickHull@local@@IAEXAAUQuickHullFace@3@PAUQuickHullVertex@3@M@Z@4_NA 1004787c     QuickHullConvexHullLib.obj
 0003:0000087d       ?_ignore@?2??removeEyePointFromFace@QuickHull@local@@IAEXAAUQuickHullFace@3@PBUQuickHullVertex@3@@Z@4_NA 1004787d     QuickHullConvexHullLib.obj
 0003:0000087e       ?_ignore@?7??postMergeHull@QuickHull@local@@IAEXXZ@4_NA 1004787e     QuickHullConvexHullLib.obj
 0003:0000087f       ?_ignore@?BE@??buildHull@QuickHull@local@@QAE?AW4Enum@QuickHullResult@3@XZ@4_NA 1004787f     QuickHullConvexHullLib.obj
 0003:00000880       ?_ignore@?N@??addPointToHull@QuickHull@local@@IAE_NPBUQuickHullVertex@3@AAUQuickHullFace@3@AA_N@Z@4_NA 10047880     QuickHullConvexHullLib.obj
 0003:00000881       ?_ignore@?CI@??doAdjacentMerge@QuickHull@local@@IAE_NAAUQuickHullFace@3@_NAA_N@Z@4_NA 10047881     QuickHullConvexHullLib.obj
 0003:00000882       ?_ignore@?BA@??doPostAdjacentMerge@QuickHull@local@@IAE_NAAUQuickHullFace@3@M@Z@4_NA 10047882     QuickHullConvexHullLib.obj
 0003:00000883       ?_ignore@?BA@??canMergeFaces@QuickHull@local@@IAE_NABUQuickHullHalfEdge@3@@Z@4_NA 10047883     QuickHullConvexHullLib.obj
 0003:00000884       ?_ignore@?CE@??createConvexHull@QuickHullConvexHullLib@physx@@UAE?AW4Enum@PxConvexMeshCookingResult@3@XZ@4_NA 10047884     QuickHullConvexHullLib.obj
 0003:00000885       ?_ignore@?BI@??expandHull@QuickHullConvexHullLib@physx@@IAE?AW4Enum@PxConvexMeshCookingResult@3@XZ@4_NA 10047885     QuickHullConvexHullLib.obj
 0003:00000886       ?_ignore@?BJ@??expandHullOBB@QuickHullConvexHullLib@physx@@IAE?AW4Enum@PxConvexMeshCookingResult@3@XZ@4_NA 10047886     QuickHullConvexHullLib.obj
 0003:00000887       ?_ignore@?4??createEdgeList@QuickHullConvexHullLib@physx@@UAE_NIPBEPAPAEPAPAG2@Z@4_NA 10047887     QuickHullConvexHullLib.obj
 0003:00000888       ?_ignore@?5??createEdgeList@QuickHullConvexHullLib@physx@@UAE_NIPBEPAPAEPAPAG2@Z@4_NA 10047888     QuickHullConvexHullLib.obj
 0003:00000889       ?_ignore@?6??createEdgeList@QuickHullConvexHullLib@physx@@UAE_NIPBEPAPAEPAPAG2@Z@4_NA 10047889     QuickHullConvexHullLib.obj
 0003:0000088a       ?_ignore@?7??createEdgeList@QuickHullConvexHullLib@physx@@UAE_NIPBEPAPAEPAPAG2@Z@4_NA 1004788a     QuickHullConvexHullLib.obj
 0003:0000088b       ?_ignore@?L@??createEdgeList@QuickHullConvexHullLib@physx@@UAE_NIPBEPAPAEPAPAG2@Z@4_NA 1004788b     QuickHullConvexHullLib.obj
 0003:0000088c       ?_ignore@?CD@??fillConvexMeshDescFromQuickHull@QuickHullConvexHullLib@physx@@IAEXAAVPxConvexMeshDesc@3@@Z@4_NA 1004788c     QuickHullConvexHullLib.obj
 0003:0000088d       ?_ignore@?2??fillConvexMeshDescFromCroppedHull@QuickHullConvexHullLib@physx@@IAEXAAVPxConvexMeshDesc@3@@Z@4_NA 1004788d     QuickHullConvexHullLib.obj
 0003:0000088e       ?_ignore@?9??fillConvexMeshDescFromCroppedHull@QuickHullConvexHullLib@physx@@IAEXAAVPxConvexMeshDesc@3@@Z@4_NA 1004788e     QuickHullConvexHullLib.obj
 0003:000008b0       ?maxV3Error@_VecMathTests@aos@shdfnd@physx@@3T__m128@@B 100478b0     VolumeIntegration.obj
 0003:000008c0       ?minFError@_VecMathTests@aos@shdfnd@physx@@3T__m128@@B 100478c0     VolumeIntegration.obj
 0003:000008d0       ?maxV4Error@_VecMathTests@aos@shdfnd@physx@@3T__m128@@B 100478d0     VolumeIntegration.obj
 0003:000008e0       ?minV4Error@_VecMathTests@aos@shdfnd@physx@@3T__m128@@B 100478e0     VolumeIntegration.obj
 0003:000008f0       ?minV3Error@_VecMathTests@aos@shdfnd@physx@@3T__m128@@B 100478f0     VolumeIntegration.obj
 0003:00000900       ?maxFError@_VecMathTests@aos@shdfnd@physx@@3T__m128@@B 10047900     VolumeIntegration.obj
 0003:00000913       ?_ignore@?4??computeVolumeIntegralsSIMD@VolumeIntegratorEberly@?A0x157ffe9b@physx@@QAE_NAAUPxIntegrals@4@ABVPxVec3@4@@Z@4_NA 10047913     VolumeIntegration.obj
 0003:00000914       ?gCookingDelayLoadHook@@3PBVPxDelayLoadHook@physx@@B 10047914     WindowsCookingDelayLoadHook.obj
 0003:0000093c       ?init@?1??_RTC_InitBase@@9@4_NA 1004793c     MSVCRTD:init.obj
 0003:00000948       ?__proc_attached@@3HA      10047948     MSVCRTD:dll_dllmain.obj
 0003:0000094c       ?_RTC_ErrorReportFunc@@3P6AHHPBDH00ZZA 1004794c     MSVCRTD:userapi.obj
 0003:00000950       ?_RTC_ErrorReportFuncW@@3P6AHHPB_WH00ZZA 10047950     MSVCRTD:userapi.obj
 0003:00000970       ?is_initialized_as_dll@@3_NA 10047970     MSVCRTD:utility.obj
 0003:00000971       ?module_local_atexit_table_initialized@@3_NA 10047971     MSVCRTD:utility.obj
 0003:00000974       ?module_local_atexit_table@@3U_onexit_table_t@@A 10047974     MSVCRTD:utility.obj
 0003:00000980       ?module_local_at_quick_exit_table@@3U_onexit_table_t@@A 10047980     MSVCRTD:utility.obj
 0003:00000998       ?mspdb@@3PAUHINSTANCE__@@A 10047998     MSVCRTD:pdblkup.obj
 0003:0000099c       ?alreadyTried@?1??GetPdbDll@@YAPAUHINSTANCE__@@XZ@4_NA 1004799c     MSVCRTD:pdblkup.obj
 0003:0000099d       ?PDBOK@?1??_RTC_GetSrcLine@@YAHPAEPA_WKPAH1K@Z@4_NA 1004799d     MSVCRTD:pdblkup.obj
 0003:000009a0       _GS_ExceptionRecord        100479a0     MSVCRTD:gs_report.obj
 0003:000009f0       _GS_ContextRecord          100479f0     MSVCRTD:gs_report.obj
 0004:000000a0       $R000000                   100480a0     PhysXCooking.res
 0004:000003d0       $R000330                   100483d0     PhysXCooking.res
